25672 <... epoll_wait resumed>[{events=EPOLLOUT, data={u32=134223072, u64=123493328884960}}], 256, -1) = 1
25736 epoll_wait(7,  <unfinished ...>
25734 <... poll resumed>)               = 1 ([{fd=8, revents=POLLIN}])
25672 epoll_ctl(7, EPOLL_CTL_MOD, 12, {events=EPOLLIN, data={u32=134223072, u64=123493328884960}} <unfinished ...>
25734 getpid( <unfinished ...>
25672 <... epoll_ctl resumed>)          = 0
25734 <... getpid resumed>)             = 25734
25734 poll([{fd=8, events=POLLIN}], 1, 0 <unfinished ...>
25672 epoll_wait(7,  <unfinished ...>
25734 <... poll resumed>)               = 1 ([{fd=8, revents=POLLIN}])
25734 getpid()                          = 25734
25734 read(8, "\1\0\0\0\0\0\0\0", 8)    = 8
25734 getpid()                          = 25734
25734 poll([{fd=8, events=POLLIN}], 1, 0) = 0 (Timeout)
25734 getpid()                          = 25734
25734 poll([{fd=8, events=POLLIN}], 1, 0) = 0 (Timeout)
25734 getpid()                          = 25734
25734 poll([{fd=8, events=POLLIN}], 1, 0) = 0 (Timeout)
25734 getpid()                          = 25734
25734 poll([{fd=8, events=POLLIN}], 1, 0) = 0 (Timeout)
25734 getpid()                          = 25734
25734 write(6, "\1\0\0\0\0\0\0\0", 8 <unfinished ...>
25736 <... epoll_wait resumed>[{events=EPOLLIN, data={u32=3263792384, u64=101231347991808}}], 256, -1) = 1
25734 <... write resumed>)              = 8
25736 getpid( <unfinished ...>
25734 poll([{fd=8, events=POLLIN}], 1, 0 <unfinished ...>
25736 <... getpid resumed>)             = 25734
25734 <... poll resumed>)               = 0 (Timeout)
25736 poll([{fd=6, events=POLLIN}], 1, 0 <unfinished ...>
25734 getpid( <unfinished ...>
25736 <... poll resumed>)               = 1 ([{fd=6, revents=POLLIN}])
25734 <... getpid resumed>)             = 25734
25736 getpid( <unfinished ...>
25734 poll([{fd=8, events=POLLIN}], 1, 0 <unfinished ...>
25736 <... getpid resumed>)             = 25734
25734 <... poll resumed>)               = 0 (Timeout)
25736 read(6,  <unfinished ...>
25734 poll([{fd=8, events=POLLIN}], 1, 300000 <unfinished ...>
25736 <... read resumed>"\1\0\0\0\0\0\0\0", 8) = 8
25736 epoll_ctl(7, EPOLL_CTL_MOD, 10, {events=EPOLLIN|EPOLLOUT, data={u32=2818575312, u64=135582051208144}}) = 0
25736 sendto(10, "\1\0\0\vOK 3: 25734", 15, 0, NULL, 0) = 15
25672 <... epoll_wait resumed>[{events=EPOLLIN, data={u32=134223072, u64=123493328884960}}], 256, -1) = 1
25736 getpid()                          = 25734
25672 recvfrom(12,  <unfinished ...>
25736 poll([{fd=6, events=POLLIN}], 1, 0) = 0 (Timeout)
25672 <... recvfrom resumed>"\1\0\0\vOK 3: 25734", 8192, 0, NULL, NULL) = 15
25736 epoll_wait(7, [{events=EPOLLOUT, data={u32=2818575312, u64=135582051208144}}], 256, -1) = 1
25672 getpid( <unfinished ...>
25736 epoll_ctl(7, EPOLL_CTL_MOD, 10, {events=EPOLLIN, data={u32=2818575312, u64=135582051208144}} <unfinished ...>
25672 <... getpid resumed>)             = 25670
25736 <... epoll_ctl resumed>)          = 0
25736 epoll_wait(7,  <unfinished ...>
25672 write(11, "\1\0\0\0\0\0\0\0", 8)  = 8
25673 <... poll resumed>)               = 1 ([{fd=11, revents=POLLIN}])
25672 epoll_wait(7,  <unfinished ...>
25673 getpid()                          = 25670
25673 poll([{fd=11, events=POLLIN}], 1, 0) = 1 ([{fd=11, revents=POLLIN}])
25673 getpid()                          = 25670
25673 read(11, "\1\0\0\0\0\0\0\0", 8)   = 8
25673 getpid()                          = 25670
25673 poll([{fd=11, events=POLLIN}], 1, 0) = 0 (Timeout)
25673 write(1, "OK\n", 3)               = 3
25673 clock_nanosleep(CLOCK_REALTIME, 0, {tv_sec=4, tv_nsec=0}, 0x7051175ff7f0) = 0
25673 poll([{fd=9, events=POLLIN}], 1, 0) = 0 (Timeout)
25673 getpid()                          = 25670
25673 poll([{fd=9, events=POLLIN}], 1, 0) = 0 (Timeout)
25673 getpid()                          = 25670
25673 poll([{fd=9, events=POLLIN}], 1, 0) = 0 (Timeout)
25673 getpid()                          = 25670
25673 write(6, "\1\0\0\0\0\0\0\0", 8)   = 8
25673 poll([{fd=9, events=POLLIN}], 1, 0 <unfinished ...>
25672 <... epoll_wait resumed>[{events=EPOLLIN, data={u32=1502938368, u64=101946846676224}}], 256, -1) = 1
25673 <... poll resumed>)               = 0 (Timeout)
25673 getpid()                          = 25670
25672 getpid( <unfinished ...>
25673 poll([{fd=9, events=POLLIN}], 1, 0 <unfinished ...>
25672 <... getpid resumed>)             = 25670
25673 <... poll resumed>)               = 0 (Timeout)
25672 poll([{fd=6, events=POLLIN}], 1, 0 <unfinished ...>
25673 poll([{fd=9, events=POLLIN}], 1, 16000 <unfinished ...>
25672 <... poll resumed>)               = 1 ([{fd=6, revents=POLLIN}])
25672 getpid()                          = 25670
25672 read(6, "\1\0\0\0\0\0\0\0", 8)    = 8
25672 epoll_ctl(7, EPOLL_CTL_MOD, 10, {events=EPOLLIN|EPOLLOUT, data={u32=134222960, u64=123493328884848}}) = 0
25672 sendto(10, "\1\0\0\r1 heartbeat 4", 17, 0, NULL, 0) = 17
25690 <... epoll_wait resumed>[{events=EPOLLIN, data={u32=3288337360, u64=131760000076752}}], 256, -1) = 1
25672 getpid( <unfinished ...>
25690 recvfrom(10,  <unfinished ...>
25672 <... getpid resumed>)             = 25670
25672 poll([{fd=6, events=POLLIN}], 1, 0 <unfinished ...>
25690 <... recvfrom resumed>"\1\0\0\r1 heartbeat 4", 8192, 0, NULL, NULL) = 17
25672 <... poll resumed>)               = 0 (Timeout)
25672 epoll_wait(7,  <unfinished ...>
25690 getpid( <unfinished ...>
25672 <... epoll_wait resumed>[{events=EPOLLOUT, data={u32=134222960, u64=123493328884848}}], 256, -1) = 1
25690 <... getpid resumed>)             = 25688
25672 epoll_ctl(7, EPOLL_CTL_MOD, 10, {events=EPOLLIN, data={u32=134222960, u64=123493328884848}} <unfinished ...>
25690 write(8, "\1\0\0\0\0\0\0\0", 8 <unfinished ...>
25672 <... epoll_ctl resumed>)          = 0
25690 <... write resumed>)              = 8
25688 <... poll resumed>)               = 1 ([{fd=8, revents=POLLIN}])
25672 epoll_wait(7,  <unfinished ...>
25690 epoll_wait(7,  <unfinished ...>
25688 getpid()                          = 25688
25688 poll([{fd=8, events=POLLIN}], 1, 0) = 1 ([{fd=8, revents=POLLIN}])
25688 getpid()                          = 25688
25688 read(8, "\1\0\0\0\0\0\0\0", 8)    = 8
25688 getpid()                          = 25688
25688 poll([{fd=8, events=POLLIN}], 1, 0) = 0 (Timeout)
25688 getpid()                          = 25688
25688 poll([{fd=8, events=POLLIN}], 1, 0) = 0 (Timeout)
25688 getpid()                          = 25688
25688 poll([{fd=8, events=POLLIN}], 1, 0) = 0 (Timeout)
25688 getpid()                          = 25688
25688 poll([{fd=8, events=POLLIN}], 1, 0) = 0 (Timeout)
25688 getpid()                          = 25688
25688 write(6, "\1\0\0\0\0\0\0\0", 8 <unfinished ...>
25690 <... epoll_wait resumed>[{events=EPOLLIN, data={u32=2088199424, u64=101367611352320}}], 256, -1) = 1
25688 <... write resumed>)              = 8
25690 getpid( <unfinished ...>
25688 poll([{fd=8, events=POLLIN}], 1, 0 <unfinished ...>
25690 <... getpid resumed>)             = 25688
25688 <... poll resumed>)               = 0 (Timeout)
25690 poll([{fd=6, events=POLLIN}], 1, 0 <unfinished ...>
25688 getpid( <unfinished ...>
25690 <... poll resumed>)               = 1 ([{fd=6, revents=POLLIN}])
25688 <... getpid resumed>)             = 25688
25690 getpid( <unfinished ...>
25688 poll([{fd=8, events=POLLIN}], 1, 0 <unfinished ...>
25690 <... getpid resumed>)             = 25688
25688 <... poll resumed>)               = 0 (Timeout)
25690 read(6,  <unfinished ...>
25688 poll([{fd=8, events=POLLIN}], 1, 300000 <unfinished ...>
25690 <... read resumed>"\1\0\0\0\0\0\0\0", 8) = 8
25690 epoll_ctl(7, EPOLL_CTL_MOD, 10, {events=EPOLLIN|EPOLLOUT, data={u32=3288337360, u64=131760000076752}}) = 0
25690 sendto(10, "\1\0\0\vOK 1: 25688", 15, 0, NULL, 0) = 15
25672 <... epoll_wait resumed>[{events=EPOLLIN, data={u32=134222960, u64=123493328884848}}], 256, -1) = 1
25690 getpid( <unfinished ...>
25672 recvfrom(10,  <unfinished ...>
25690 <... getpid resumed>)             = 25688
25690 poll([{fd=6, events=POLLIN}], 1, 0 <unfinished ...>
25672 <... recvfrom resumed>"\1\0\0\vOK 1: 25688", 8192, 0, NULL, NULL) = 15
25690 <... poll resumed>)               = 0 (Timeout)
25690 epoll_wait(7,  <unfinished ...>
25672 getpid( <unfinished ...>
25690 <... epoll_wait resumed>[{events=EPOLLOUT, data={u32=3288337360, u64=131760000076752}}], 256, -1) = 1
25672 <... getpid resumed>)             = 25670
25690 epoll_ctl(7, EPOLL_CTL_MOD, 10, {events=EPOLLIN, data={u32=3288337360, u64=131760000076752}} <unfinished ...>
25672 write(9, "\1\0\0\0\0\0\0\0", 8 <unfinished ...>
25690 <... epoll_ctl resumed>)          = 0
25672 <... write resumed>)              = 8
25673 <... poll resumed>)               = 1 ([{fd=9, revents=POLLIN}])
25672 epoll_wait(7,  <unfinished ...>
25673 getpid()                          = 25670
25690 epoll_wait(7,  <unfinished ...>
25673 poll([{fd=9, events=POLLIN}], 1, 0) = 1 ([{fd=9, revents=POLLIN}])
25673 getpid()                          = 25670
25673 read(9, "\1\0\0\0\0\0\0\0", 8)    = 8
25673 getpid()                          = 25670
25673 poll([{fd=9, events=POLLIN}], 1, 0) = 0 (Timeout)
25673 poll([{fd=9, events=POLLIN}], 1, 0) = 0 (Timeout)
25673 getpid()                          = 25670
25673 poll([{fd=9, events=POLLIN}], 1, 0) = 0 (Timeout)
25673 getpid()                          = 25670
25673 poll([{fd=9, events=POLLIN}], 1, 0) = 0 (Timeout)
25673 getpid()                          = 25670
25673 write(6, "\1\0\0\0\0\0\0\0", 8)   = 8
25672 <... epoll_wait resumed>[{events=EPOLLIN, data={u32=1502938368, u64=101946846676224}}], 256, -1) = 1
25673 poll([{fd=9, events=POLLIN}], 1, 0 <unfinished ...>
25672 getpid( <unfinished ...>
25673 <... poll resumed>)               = 0 (Timeout)
25672 <... getpid resumed>)             = 25670
25673 getpid( <unfinished ...>
25672 poll([{fd=6, events=POLLIN}], 1, 0 <unfinished ...>
25673 <... getpid resumed>)             = 25670
25672 <... poll resumed>)               = 1 ([{fd=6, revents=POLLIN}])
25673 poll([{fd=9, events=POLLIN}], 1, 0 <unfinished ...>
25672 getpid( <unfinished ...>
25673 <... poll resumed>)               = 0 (Timeout)
25672 <... getpid resumed>)             = 25670
25673 poll([{fd=9, events=POLLIN}], 1, 16000 <unfinished ...>
25672 read(6, "\1\0\0\0\0\0\0\0", 8)    = 8
25672 epoll_ctl(7, EPOLL_CTL_MOD, 10, {events=EPOLLIN|EPOLLOUT, data={u32=134222960, u64=123493328884848}}) = 0
25672 sendto(10, "\1\0\0\r2 heartbeat 4", 17, 0, NULL, 0) = 17
25672 getpid()                          = 25670
25672 poll([{fd=6, events=POLLIN}], 1, 0 <unfinished ...>
25690 <... epoll_wait resumed>[{events=EPOLLIN, data={u32=3288337360, u64=131760000076752}}], 256, -1) = 1
25672 <... poll resumed>)               = 0 (Timeout)
25672 epoll_wait(7,  <unfinished ...>
25690 recvfrom(10,  <unfinished ...>
25672 <... epoll_wait resumed>[{events=EPOLLOUT, data={u32=134222960, u64=123493328884848}}], 256, -1) = 1
25672 epoll_ctl(7, EPOLL_CTL_MOD, 10, {events=EPOLLIN, data={u32=134222960, u64=123493328884848}} <unfinished ...>
25690 <... recvfrom resumed>"\1\0\0\r2 heartbeat 4", 8192, 0, NULL, NULL) = 17
25672 <... epoll_ctl resumed>)          = 0
25672 epoll_wait(7,  <unfinished ...>
25690 getpid()                          = 25688
25690 write(8, "\1\0\0\0\0\0\0\0", 8)   = 8
25688 <... poll resumed>)               = 1 ([{fd=8, revents=POLLIN}])
25690 epoll_wait(7,  <unfinished ...>
25688 getpid()                          = 25688
25688 poll([{fd=8, events=POLLIN}], 1, 0) = 1 ([{fd=8, revents=POLLIN}])
25688 getpid()                          = 25688
25688 read(8, "\1\0\0\0\0\0\0\0", 8)    = 8
25688 getpid()                          = 25688
25688 poll([{fd=8, events=POLLIN}], 1, 0) = 0 (Timeout)
25688 poll([{fd=11, events=POLLIN}], 1, 0) = 0 (Timeout)
25688 getpid()                          = 25688
25688 poll([{fd=11, events=POLLIN}], 1, 0) = 0 (Timeout)
25688 getpid()                          = 25688
25688 poll([{fd=11, events=POLLIN}], 1, 0) = 0 (Timeout)
25688 getpid()                          = 25688
25688 write(6, "\1\0\0\0\0\0\0\0", 8)   = 8
25690 <... epoll_wait resumed>[{events=EPOLLIN, data={u32=2088199424, u64=101367611352320}}], 256, -1) = 1
25688 poll([{fd=11, events=POLLIN}], 1, 0 <unfinished ...>
25690 getpid( <unfinished ...>
25688 <... poll resumed>)               = 0 (Timeout)
25690 <... getpid resumed>)             = 25688
25688 getpid( <unfinished ...>
25690 poll([{fd=6, events=POLLIN}], 1, 0 <unfinished ...>
25688 <... getpid resumed>)             = 25688
25690 <... poll resumed>)               = 1 ([{fd=6, revents=POLLIN}])
25688 poll([{fd=11, events=POLLIN}], 1, 0 <unfinished ...>
25690 getpid( <unfinished ...>
25688 <... poll resumed>)               = 0 (Timeout)
25690 <... getpid resumed>)             = 25688
25688 poll([{fd=11, events=POLLIN}], 1, 16000 <unfinished ...>
25690 read(6, "\1\0\0\0\0\0\0\0", 8)    = 8
25690 epoll_ctl(7, EPOLL_CTL_MOD, 12, {events=EPOLLIN|EPOLLOUT, data={u32=3288406784, u64=131760000146176}}) = 0
25690 sendto(12, "\1\0\0\r2 heartbeat 4", 17, 0, NULL, 0) = 17
25720 <... epoll_wait resumed>[{events=EPOLLIN, data={u32=2080377808, u64=139171905670096}}], 256, -1) = 1
25690 getpid()                          = 25688
25720 recvfrom(10,  <unfinished ...>
25690 poll([{fd=6, events=POLLIN}], 1, 0 <unfinished ...>
25720 <... recvfrom resumed>"\1\0\0\r2 heartbeat 4", 8192, 0, NULL, NULL) = 17
25690 <... poll resumed>)               = 0 (Timeout)
25690 epoll_wait(7, [{events=EPOLLOUT, data={u32=3288406784, u64=131760000146176}}], 256, -1) = 1
25720 getpid( <unfinished ...>
25690 epoll_ctl(7, EPOLL_CTL_MOD, 12, {events=EPOLLIN, data={u32=3288406784, u64=131760000146176}} <unfinished ...>
25720 <... getpid resumed>)             = 25718
25690 <... epoll_ctl resumed>)          = 0
25720 write(8, "\1\0\0\0\0\0\0\0", 8 <unfinished ...>
25690 epoll_wait(7,  <unfinished ...>
25720 <... write resumed>)              = 8
25720 epoll_wait(7,  <unfinished ...>
25718 <... poll resumed>)               = 1 ([{fd=8, revents=POLLIN}])
25718 getpid()                          = 25718
25718 poll([{fd=8, events=POLLIN}], 1, 0) = 1 ([{fd=8, revents=POLLIN}])
25718 getpid()                          = 25718
25718 read(8, "\1\0\0\0\0\0\0\0", 8)    = 8
25718 getpid()                          = 25718
25718 poll([{fd=8, events=POLLIN}], 1, 0) = 0 (Timeout)
25718 getpid()                          = 25718
25718 poll([{fd=8, events=POLLIN}], 1, 0) = 0 (Timeout)
25718 getpid()                          = 25718
25718 poll([{fd=8, events=POLLIN}], 1, 0) = 0 (Timeout)
25718 getpid()                          = 25718
25718 poll([{fd=8, events=POLLIN}], 1, 0) = 0 (Timeout)
25718 getpid()                          = 25718
25718 write(6, "\1\0\0\0\0\0\0\0", 8)   = 8
25720 <... epoll_wait resumed>[{events=EPOLLIN, data={u32=681485568, u64=108070648587520}}], 256, -1) = 1
25718 poll([{fd=8, events=POLLIN}], 1, 0 <unfinished ...>
25720 getpid( <unfinished ...>
25718 <... poll resumed>)               = 0 (Timeout)
25720 <... getpid resumed>)             = 25718
25718 getpid( <unfinished ...>
25720 poll([{fd=6, events=POLLIN}], 1, 0 <unfinished ...>
25718 <... getpid resumed>)             = 25718
25720 <... poll resumed>)               = 1 ([{fd=6, revents=POLLIN}])
25718 poll([{fd=8, events=POLLIN}], 1, 0 <unfinished ...>
25720 getpid( <unfinished ...>
25718 <... poll resumed>)               = 0 (Timeout)
25720 <... getpid resumed>)             = 25718
25718 poll([{fd=8, events=POLLIN}], 1, 300000 <unfinished ...>
25720 read(6, "\1\0\0\0\0\0\0\0", 8)    = 8
25720 epoll_ctl(7, EPOLL_CTL_MOD, 10, {events=EPOLLIN|EPOLLOUT, data={u32=2080377808, u64=139171905670096}}) = 0
25720 sendto(10, "\1\0\0\vOK 2: 25718", 15, 0, NULL, 0 <unfinished ...>
25690 <... epoll_wait resumed>[{events=EPOLLIN, data={u32=3288406784, u64=131760000146176}}], 256, -1) = 1
25720 <... sendto resumed>)             = 15
25690 recvfrom(12,  <unfinished ...>
25720 getpid( <unfinished ...>
25690 <... recvfrom resumed>"\1\0\0\vOK 2: 25718", 8192, 0, NULL, NULL) = 15
25720 <... getpid resumed>)             = 25718
25690 getpid( <unfinished ...>
25720 poll([{fd=6, events=POLLIN}], 1, 0 <unfinished ...>
25690 <... getpid resumed>)             = 25688
25720 <... poll resumed>)               = 0 (Timeout)
25690 write(11, "\1\0\0\0\0\0\0\0", 8 <unfinished ...>
25720 epoll_wait(7,  <unfinished ...>
25690 <... write resumed>)              = 8
25688 <... poll resumed>)               = 1 ([{fd=11, revents=POLLIN}])
25720 <... epoll_wait resumed>[{events=EPOLLOUT, data={u32=2080377808, u64=139171905670096}}], 256, -1) = 1
25690 epoll_wait(7,  <unfinished ...>
25688 getpid( <unfinished ...>
25720 epoll_ctl(7, EPOLL_CTL_MOD, 10, {events=EPOLLIN, data={u32=2080377808, u64=139171905670096}} <unfinished ...>
25688 <... getpid resumed>)             = 25688
25720 <... epoll_ctl resumed>)          = 0
25688 poll([{fd=11, events=POLLIN}], 1, 0 <unfinished ...>
25720 epoll_wait(7,  <unfinished ...>
25688 <... poll resumed>)               = 1 ([{fd=11, revents=POLLIN}])
25688 getpid()                          = 25688
25688 read(11, "\1\0\0\0\0\0\0\0", 8)   = 8
25688 getpid()                          = 25688
25688 poll([{fd=11, events=POLLIN}], 1, 0) = 0 (Timeout)
25688 poll([{fd=8, events=POLLIN}], 1, 0) = 0 (Timeout)
25688 getpid()                          = 25688
25688 poll([{fd=8, events=POLLIN}], 1, 0) = 0 (Timeout)
25688 getpid()                          = 25688
25688 poll([{fd=8, events=POLLIN}], 1, 0) = 0 (Timeout)
25688 getpid()                          = 25688
25688 write(6, "\1\0\0\0\0\0\0\0", 8)   = 8
25690 <... epoll_wait resumed>[{events=EPOLLIN, data={u32=2088199424, u64=101367611352320}}], 256, -1) = 1
25688 poll([{fd=8, events=POLLIN}], 1, 0 <unfinished ...>
25690 getpid( <unfinished ...>
25688 <... poll resumed>)               = 0 (Timeout)
25690 <... getpid resumed>)             = 25688
25688 getpid( <unfinished ...>
25690 poll([{fd=6, events=POLLIN}], 1, 0 <unfinished ...>
25688 <... getpid resumed>)             = 25688
25690 <... poll resumed>)               = 1 ([{fd=6, revents=POLLIN}])
25688 poll([{fd=8, events=POLLIN}], 1, 0 <unfinished ...>
25690 getpid( <unfinished ...>
25688 <... poll resumed>)               = 0 (Timeout)
25690 <... getpid resumed>)             = 25688
25688 poll([{fd=8, events=POLLIN}], 1, 300000 <unfinished ...>
25690 read(6, "\1\0\0\0\0\0\0\0", 8)    = 8
25690 epoll_ctl(7, EPOLL_CTL_MOD, 10, {events=EPOLLIN|EPOLLOUT, data={u32=3288337360, u64=131760000076752}}) = 0
25690 sendto(10, "\1\0\0\vOK 2: 25718", 15, 0, NULL, 0) = 15
25672 <... epoll_wait resumed>[{events=EPOLLIN, data={u32=134222960, u64=123493328884848}}], 256, -1) = 1
25690 getpid( <unfinished ...>
25672 recvfrom(10,  <unfinished ...>
25690 <... getpid resumed>)             = 25688
25672 <... recvfrom resumed>"\1\0\0\vOK 2: 25718", 8192, 0, NULL, NULL) = 15
25690 poll([{fd=6, events=POLLIN}], 1, 0 <unfinished ...>
25672 getpid( <unfinished ...>
25690 <... poll resumed>)               = 0 (Timeout)
25672 <... getpid resumed>)             = 25670
25690 epoll_wait(7,  <unfinished ...>
25672 write(9, "\1\0\0\0\0\0\0\0", 8 <unfinished ...>
25690 <... epoll_wait resumed>[{events=EPOLLOUT, data={u32=3288337360, u64=131760000076752}}], 256, -1) = 1
25673 <... poll resumed>)               = 1 ([{fd=9, revents=POLLIN}])
25672 <... write resumed>)              = 8
25690 epoll_ctl(7, EPOLL_CTL_MOD, 10, {events=EPOLLIN, data={u32=3288337360, u64=131760000076752}} <unfinished ...>
25673 getpid( <unfinished ...>
25690 <... epoll_ctl resumed>)          = 0
25672 epoll_wait(7,  <unfinished ...>
25690 epoll_wait(7,  <unfinished ...>
25673 <... getpid resumed>)             = 25670
25673 poll([{fd=9, events=POLLIN}], 1, 0) = 1 ([{fd=9, revents=POLLIN}])
25673 getpid()                          = 25670
25673 read(9, "\1\0\0\0\0\0\0\0", 8)    = 8
25673 getpid()                          = 25670
25673 poll([{fd=9, events=POLLIN}], 1, 0) = 0 (Timeout)
25673 poll([{fd=11, events=POLLIN}], 1, 0) = 0 (Timeout)
25673 getpid()                          = 25670
25673 poll([{fd=11, events=POLLIN}], 1, 0) = 0 (Timeout)
25673 getpid()                          = 25670
25673 poll([{fd=11, events=POLLIN}], 1, 0) = 0 (Timeout)
25673 getpid()                          = 25670
25673 write(6, "\1\0\0\0\0\0\0\0", 8)   = 8
25672 <... epoll_wait resumed>[{events=EPOLLIN, data={u32=1502938368, u64=101946846676224}}], 256, -1) = 1
25673 poll([{fd=11, events=POLLIN}], 1, 0 <unfinished ...>
25672 getpid( <unfinished ...>
25673 <... poll resumed>)               = 0 (Timeout)
25672 <... getpid resumed>)             = 25670
25673 getpid( <unfinished ...>
25672 poll([{fd=6, events=POLLIN}], 1, 0 <unfinished ...>
25673 <... getpid resumed>)             = 25670
25672 <... poll resumed>)               = 1 ([{fd=6, revents=POLLIN}])
25673 poll([{fd=11, events=POLLIN}], 1, 0 <unfinished ...>
25672 getpid( <unfinished ...>
25673 <... poll resumed>)               = 0 (Timeout)
25672 <... getpid resumed>)             = 25670
25673 poll([{fd=11, events=POLLIN}], 1, 16000 <unfinished ...>
25672 read(6, "\1\0\0\0\0\0\0\0", 8)    = 8
25672 epoll_ctl(7, EPOLL_CTL_MOD, 12, {events=EPOLLIN|EPOLLOUT, data={u32=134223072, u64=123493328884960}}) = 0
25672 sendto(12, "\1\0\0\r3 heartbeat 4", 17, 0, NULL, 0) = 17
25736 <... epoll_wait resumed>[{events=EPOLLIN, data={u32=2818575312, u64=135582051208144}}], 256, -1) = 1
25672 getpid( <unfinished ...>
25736 recvfrom(10,  <unfinished ...>
25672 <... getpid resumed>)             = 25670
25736 <... recvfrom resumed>"\1\0\0\r3 heartbeat 4", 8192, 0, NULL, NULL) = 17
25672 poll([{fd=6, events=POLLIN}], 1, 0 <unfinished ...>
25736 getpid( <unfinished ...>
25672 <... poll resumed>)               = 0 (Timeout)
25736 <... getpid resumed>)             = 25734
25672 epoll_wait(7,  <unfinished ...>
25736 write(8, "\1\0\0\0\0\0\0\0", 8 <unfinished ...>
25672 <... epoll_wait resumed>[{events=EPOLLOUT, data={u32=134223072, u64=123493328884960}}], 256, -1) = 1
25736 <... write resumed>)              = 8
25736 epoll_wait(7,  <unfinished ...>
25734 <... poll resumed>)               = 1 ([{fd=8, revents=POLLIN}])
25672 epoll_ctl(7, EPOLL_CTL_MOD, 12, {events=EPOLLIN, data={u32=134223072, u64=123493328884960}}) = 0
25734 getpid( <unfinished ...>
25672 epoll_wait(7,  <unfinished ...>
25734 <... getpid resumed>)             = 25734
25734 poll([{fd=8, events=POLLIN}], 1, 0) = 1 ([{fd=8, revents=POLLIN}])
25734 getpid()                          = 25734
25734 read(8, "\1\0\0\0\0\0\0\0", 8)    = 8
25734 getpid()                          = 25734
25734 poll([{fd=8, events=POLLIN}], 1, 0) = 0 (Timeout)
25734 getpid()                          = 25734
25734 poll([{fd=8, events=POLLIN}], 1, 0) = 0 (Timeout)
25734 getpid()                          = 25734
25734 poll([{fd=8, events=POLLIN}], 1, 0) = 0 (Timeout)
25734 getpid()                          = 25734
25734 poll([{fd=8, events=POLLIN}], 1, 0) = 0 (Timeout)
25734 getpid()                          = 25734
25734 write(6, "\1\0\0\0\0\0\0\0", 8 <unfinished ...>
25736 <... epoll_wait resumed>[{events=EPOLLIN, data={u32=3263792384, u64=101231347991808}}], 256, -1) = 1
25734 <... write resumed>)              = 8
25736 getpid()                          = 25734
25734 poll([{fd=8, events=POLLIN}], 1, 0 <unfinished ...>
25736 poll([{fd=6, events=POLLIN}], 1, 0 <unfinished ...>
25734 <... poll resumed>)               = 0 (Timeout)
25736 <... poll resumed>)               = 1 ([{fd=6, revents=POLLIN}])
25734 getpid( <unfinished ...>
25736 getpid()                          = 25734
25734 <... getpid resumed>)             = 25734
25736 read(6, "\1\0\0\0\0\0\0\0", 8)    = 8
25734 poll([{fd=8, events=POLLIN}], 1, 0 <unfinished ...>
25736 epoll_ctl(7, EPOLL_CTL_MOD, 10, {events=EPOLLIN|EPOLLOUT, data={u32=2818575312, u64=135582051208144}} <unfinished ...>
25734 <... poll resumed>)               = 0 (Timeout)
25736 <... epoll_ctl resumed>)          = 0
25736 sendto(10, "\1\0\0\vOK 3: 25734", 15, 0, NULL, 0 <unfinished ...>
25734 poll([{fd=8, events=POLLIN}], 1, 300000 <unfinished ...>
25736 <... sendto resumed>)             = 15
25672 <... epoll_wait resumed>[{events=EPOLLIN, data={u32=134223072, u64=123493328884960}}], 256, -1) = 1
25736 getpid()                          = 25734
25672 recvfrom(12,  <unfinished ...>
25736 poll([{fd=6, events=POLLIN}], 1, 0) = 0 (Timeout)
25672 <... recvfrom resumed>"\1\0\0\vOK 3: 25734", 8192, 0, NULL, NULL) = 15
25736 epoll_wait(7, [{events=EPOLLOUT, data={u32=2818575312, u64=135582051208144}}], 256, -1) = 1
25672 getpid( <unfinished ...>
25736 epoll_ctl(7, EPOLL_CTL_MOD, 10, {events=EPOLLIN, data={u32=2818575312, u64=135582051208144}} <unfinished ...>
25672 <... getpid resumed>)             = 25670
25736 <... epoll_ctl resumed>)          = 0
25736 epoll_wait(7,  <unfinished ...>
25672 write(11, "\1\0\0\0\0\0\0\0", 8)  = 8
25673 <... poll resumed>)               = 1 ([{fd=11, revents=POLLIN}])
25672 epoll_wait(7,  <unfinished ...>
25673 getpid()                          = 25670
25673 poll([{fd=11, events=POLLIN}], 1, 0) = 1 ([{fd=11, revents=POLLIN}])
25673 getpid()                          = 25670
25673 read(11, "\1\0\0\0\0\0\0\0", 8)   = 8
25673 getpid()                          = 25670
25673 poll([{fd=11, events=POLLIN}], 1, 0) = 0 (Timeout)
25673 write(1, "OK\n", 3)               = 3
25673 clock_nanosleep(CLOCK_REALTIME, 0, {tv_sec=4, tv_nsec=0},  <unfinished ...>
25670 <... read resumed>"heartbeat\n", 1024) = 10
25670 read(0,  <unfinished ...>
25673 <... clock_nanosleep resumed>0x7051175ff7f0) = 0
25673 futex(0x5cb858f596ec, FUTEX_WAIT_BITSET_PRIVATE|FUTEX_CLOCK_REALTIME, 0, NULL, FUTEX_BITSET_MATCH_ANY <unfinished ...>
25670 <... read resumed>"q\n", 1024)    = 2
25670 write(1, "Exit...\n", 8)          = 8
25670 futex(0x5cb858f596ec, FUTEX_WAKE_PRIVATE, 2147483647) = 1
25673 <... futex resumed>)              = 0
25670 rt_sigaction(SIGRTMIN, {sa_handler=0x7051195bb810, sa_mask=[], sa_flags=SA_RESTORER|SA_RESTART|SA_SIGINFO, sa_restorer=0x70511956e770},  <unfinished ...>
25673 futex(0x5cb858f59700, FUTEX_WAKE_PRIVATE, 1 <unfinished ...>
25670 <... rt_sigaction resumed>NULL, 8) = 0
25673 <... futex resumed>)              = 0
25670 futex(0x705117600990, FUTEX_WAIT_BITSET|FUTEX_CLOCK_REALTIME, 25673, NULL, FUTEX_BITSET_MATCH_ANY <unfinished ...>
25673 futex(0x705119ace070, FUTEX_WAKE_PRIVATE, 2147483647) = 0
25673 rt_sigprocmask(SIG_BLOCK, ~[RT_1], NULL, 8) = 0
25673 madvise(0x705116e00000, 8368128, MADV_DONTNEED) = 0
25673 exit(0)                           = ?
25670 <... futex resumed>)              = 0
25673 +++ exited with 0 +++
25670 getpid()                          = 25670
25670 poll([{fd=9, events=POLLIN}], 1, 0) = 0 (Timeout)
25670 getpid()                          = 25670
25670 write(6, "\1\0\0\0\0\0\0\0", 8)   = 8
25672 <... epoll_wait resumed>[{events=EPOLLIN, data={u32=1502938368, u64=101946846676224}}], 256, -1) = 1
25670 getpid()                          = 25670
25672 getpid( <unfinished ...>
25670 poll([{fd=11, events=POLLIN}], 1, 0 <unfinished ...>
25672 <... getpid resumed>)             = 25670
25670 <... poll resumed>)               = 0 (Timeout)
25672 poll([{fd=6, events=POLLIN}], 1, 0 <unfinished ...>
25670 getpid( <unfinished ...>
25672 <... poll resumed>)               = 1 ([{fd=6, revents=POLLIN}])
25670 <... getpid resumed>)             = 25670
25672 getpid( <unfinished ...>
25670 write(4, "\1\0\0\0\0\0\0\0", 8 <unfinished ...>
25672 <... getpid resumed>)             = 25670
25670 <... write resumed>)              = 8
25672 read(6,  <unfinished ...>
25671 <... epoll_wait resumed>[{events=EPOLLIN, data={u32=1502938560, u64=101946846676416}}], 256, -1) = 1
25670 getpid( <unfinished ...>
25672 <... read resumed>"\1\0\0\0\0\0\0\0", 8) = 8
25670 <... getpid resumed>)             = 25670
25671 getpid( <unfinished ...>
25670 getpid( <unfinished ...>
25672 epoll_ctl(7, EPOLL_CTL_MOD, 10, {events=EPOLLIN|EPOLLOUT, data={u32=134222960, u64=123493328884848}} <unfinished ...>
25671 <... getpid resumed>)             = 25670
25670 <... getpid resumed>)             = 25670
25672 <... epoll_ctl resumed>)          = 0
25671 getpid( <unfinished ...>
25670 write(8, "\1\0\0\0\0\0\0\0", 8 <unfinished ...>
25672 getpid( <unfinished ...>
25671 <... getpid resumed>)             = 25670
25670 <... write resumed>)              = 8
25672 <... getpid resumed>)             = 25670
25671 poll([{fd=4, events=POLLIN}], 1, 0 <unfinished ...>
25670 getpid( <unfinished ...>
25672 write(9, "\1\0\0\0\0\0\0\0", 8 <unfinished ...>
25670 <... getpid resumed>)             = 25670
25671 <... poll resumed>)               = 1 ([{fd=4, revents=POLLIN}])
25670 write(11, "\1\0\0\0\0\0\0\0", 8 <unfinished ...>
25672 <... write resumed>)              = 8
25671 getpid( <unfinished ...>
25670 <... write resumed>)              = 8
25672 epoll_ctl(7, EPOLL_CTL_MOD, 10, {events=EPOLLIN, data={u32=134222960, u64=123493328884848}} <unfinished ...>
25671 <... getpid resumed>)             = 25670
25670 getpid( <unfinished ...>
25672 <... epoll_ctl resumed>)          = 0
25670 <... getpid resumed>)             = 25670
25671 read(4,  <unfinished ...>
25672 epoll_ctl(7, EPOLL_CTL_MOD, 12, {events=EPOLLIN|EPOLLOUT, data={u32=134223072, u64=123493328884960}} <unfinished ...>
25670 poll([{fd=3, events=POLLIN}], 1, -1 <unfinished ...>
25672 <... epoll_ctl resumed>)          = 0
25671 <... read resumed>"\1\0\0\0\0\0\0\0", 8) = 8
25672 epoll_ctl(7, EPOLL_CTL_MOD, 12, {events=EPOLLIN, data={u32=134223072, u64=123493328884960}} <unfinished ...>
25671 epoll_ctl(5, EPOLL_CTL_ADD, 11, {events=0, data={u32=268518400, u64=123493463180288}} <unfinished ...>
25672 <... epoll_ctl resumed>)          = 0
25672 getpid( <unfinished ...>
25671 <... epoll_ctl resumed>)          = 0
25672 <... getpid resumed>)             = 25670
25671 epoll_ctl(5, EPOLL_CTL_MOD, 11, {events=EPOLLIN, data={u32=268518400, u64=123493463180288}} <unfinished ...>
25672 poll([{fd=6, events=POLLIN}], 1, 0 <unfinished ...>
25671 <... epoll_ctl resumed>)          = 0
25672 <... poll resumed>)               = 0 (Timeout)
25672 epoll_wait(7,  <unfinished ...>
25671 getpid()                          = 25670
25671 epoll_ctl(5, EPOLL_CTL_ADD, 9, {events=0, data={u32=268517824, u64=123493463179712}}) = 0
25671 epoll_ctl(5, EPOLL_CTL_MOD, 9, {events=EPOLLIN, data={u32=268517824, u64=123493463179712}}) = 0
25671 getpid()                          = 25670
25671 epoll_ctl(5, EPOLL_CTL_ADD, 8, {events=0, data={u32=268518368, u64=123493463180256}}) = 0
25671 epoll_ctl(5, EPOLL_CTL_MOD, 8, {events=EPOLLIN, data={u32=268518368, u64=123493463180256}}) = 0
25671 epoll_ctl(5, EPOLL_CTL_DEL, 8, 0x7051100143e4) = 0
25671 close(8)                          = 0
25671 getpid()                          = 25670
25671 getpid()                          = 25670
25671 getpid()                          = 25670
25671 poll([{fd=4, events=POLLIN}], 1, 0) = 0 (Timeout)
25671 epoll_wait(5, [{events=EPOLLIN, data={u32=268518400, u64=123493463180288}}, {events=EPOLLIN, data={u32=268517824, u64=123493463179712}}], 256, -1) = 2
25671 getpid()                          = 25670
25671 poll([{fd=11, events=POLLIN}], 1, 0) = 1 ([{fd=11, revents=POLLIN}])
25671 getpid()                          = 25670
25671 read(11, "\1\0\0\0\0\0\0\0", 8)   = 8
25671 getpid()                          = 25670
25671 write(6, "\1\0\0\0\0\0\0\0", 8 <unfinished ...>
25672 <... epoll_wait resumed>[{events=EPOLLIN, data={u32=1502938368, u64=101946846676224}}], 256, -1) = 1
25671 <... write resumed>)              = 8
25672 getpid( <unfinished ...>
25671 getpid( <unfinished ...>
25672 <... getpid resumed>)             = 25670
25671 <... getpid resumed>)             = 25670
25672 poll([{fd=6, events=POLLIN}], 1, 0 <unfinished ...>
25671 poll([{fd=11, events=POLLIN}], 1, 0 <unfinished ...>
25672 <... poll resumed>)               = 1 ([{fd=6, revents=POLLIN}])
25671 <... poll resumed>)               = 0 (Timeout)
25672 getpid( <unfinished ...>
25671 getpid( <unfinished ...>
25672 <... getpid resumed>)             = 25670
25671 <... getpid resumed>)             = 25670
25672 read(6,  <unfinished ...>
25671 poll([{fd=9, events=POLLIN}], 1, 0 <unfinished ...>
25672 <... read resumed>"\1\0\0\0\0\0\0\0", 8) = 8
25671 <... poll resumed>)               = 1 ([{fd=9, revents=POLLIN}])
25672 getpid( <unfinished ...>
25671 getpid( <unfinished ...>
25672 <... getpid resumed>)             = 25670
25671 <... getpid resumed>)             = 25670
25672 write(11, "\1\0\0\0\0\0\0\0", 8 <unfinished ...>
25671 read(9,  <unfinished ...>
25672 <... write resumed>)              = 8
25671 <... read resumed>"\1\0\0\0\0\0\0\0", 8) = 8
25672 epoll_ctl(7, EPOLL_CTL_DEL, 12, 0x7051080014e4 <unfinished ...>
25671 getpid( <unfinished ...>
25672 <... epoll_ctl resumed>)          = 0
25671 <... getpid resumed>)             = 25670
25672 close(12 <unfinished ...>
25671 poll([{fd=9, events=POLLIN}], 1, 0) = 0 (Timeout)
25671 epoll_wait(5, [{events=EPOLLIN, data={u32=268518400, u64=123493463180288}}], 256, -1) = 1
25671 getpid()                          = 25670
25671 poll([{fd=11, events=POLLIN}], 1, 0 <unfinished ...>
25736 <... epoll_wait resumed>[{events=EPOLLIN, data={u32=2818575312, u64=135582051208144}}], 256, -1) = 1
25671 <... poll resumed>)               = 1 ([{fd=11, revents=POLLIN}])
25672 <... close resumed>)              = 0
25671 getpid( <unfinished ...>
25736 recvfrom(10,  <unfinished ...>
25671 <... getpid resumed>)             = 25670
25672 getpid( <unfinished ...>
25736 <... recvfrom resumed>"", 8192, 0, NULL, NULL) = 0
25671 read(11,  <unfinished ...>
25672 <... getpid resumed>)             = 25670
25671 <... read resumed>"\1\0\0\0\0\0\0\0", 8) = 8
25672 write(9, "\1\0\0\0\0\0\0\0", 8 <unfinished ...>
25736 getpid( <unfinished ...>
25671 getpid( <unfinished ...>
25736 <... getpid resumed>)             = 25734
25672 <... write resumed>)              = 8
25671 <... getpid resumed>)             = 25670
25736 write(6, "\1\0\0\0\0\0\0\0", 8 <unfinished ...>
25672 epoll_ctl(7, EPOLL_CTL_DEL, 10, 0x705108001474 <unfinished ...>
25671 poll([{fd=11, events=POLLIN}], 1, 0 <unfinished ...>
25736 <... write resumed>)              = 8
25672 <... epoll_ctl resumed>)          = 0
25671 <... poll resumed>)               = 0 (Timeout)
25736 epoll_ctl(7, EPOLL_CTL_DEL, 10, 0x7b4fa8000bd4 <unfinished ...>
25672 close(10 <unfinished ...>
25671 epoll_ctl(5, EPOLL_CTL_DEL, 11, 0x705110014404 <unfinished ...>
25736 <... epoll_ctl resumed>)          = 0
25671 <... epoll_ctl resumed>)          = 0
25736 close(10 <unfinished ...>
25672 <... close resumed>)              = 0
25671 getpid( <unfinished ...>
25690 <... epoll_wait resumed>[{events=EPOLLIN, data={u32=3288337360, u64=131760000076752}}], 256, -1) = 1
25672 getpid( <unfinished ...>
25671 <... getpid resumed>)             = 25670
25672 <... getpid resumed>)             = 25670
25671 write(4, "\1\0\0\0\0\0\0\0", 8 <unfinished ...>
25690 recvfrom(10,  <unfinished ...>
25672 poll([{fd=6, events=POLLIN}], 1, 0 <unfinished ...>
25671 <... write resumed>)              = 8
25690 <... recvfrom resumed>"", 8192, 0, NULL, NULL) = 0
25672 <... poll resumed>)               = 0 (Timeout)
25736 <... close resumed>)              = 0
25671 close(11 <unfinished ...>
25672 epoll_wait(7,  <unfinished ...>
25690 getpid( <unfinished ...>
25736 epoll_wait(7,  <unfinished ...>
25690 <... getpid resumed>)             = 25688
25671 <... close resumed>)              = 0
25736 <... epoll_wait resumed>[{events=EPOLLIN, data={u32=3263792384, u64=101231347991808}}], 256, -1) = 1
25690 write(6, "\1\0\0\0\0\0\0\0", 8 <unfinished ...>
25736 getpid( <unfinished ...>
25671 epoll_wait(5,  <unfinished ...>
25736 <... getpid resumed>)             = 25734
25690 <... write resumed>)              = 8
25736 poll([{fd=6, events=POLLIN}], 1, 0 <unfinished ...>
25671 <... epoll_wait resumed>[{events=EPOLLIN, data={u32=268517824, u64=123493463179712}}, {events=EPOLLIN, data={u32=1502938560, u64=101946846676416}}], 256, -1) = 2
25736 <... poll resumed>)               = 1 ([{fd=6, revents=POLLIN}])
25690 epoll_ctl(7, EPOLL_CTL_DEL, 10, 0x77d5c4000bd4 <unfinished ...>
25671 getpid( <unfinished ...>
25736 getpid( <unfinished ...>
25690 <... epoll_ctl resumed>)          = 0
25671 <... getpid resumed>)             = 25670
25736 <... getpid resumed>)             = 25734
25690 close(10 <unfinished ...>
25671 poll([{fd=9, events=POLLIN}], 1, 0 <unfinished ...>
25736 read(6,  <unfinished ...>
25671 <... poll resumed>)               = 1 ([{fd=9, revents=POLLIN}])
25736 <... read resumed>"\1\0\0\0\0\0\0\0", 8) = 8
25671 getpid()                          = 25670
25736 getpid( <unfinished ...>
25690 <... close resumed>)              = 0
25671 read(9,  <unfinished ...>
25736 <... getpid resumed>)             = 25734
25671 <... read resumed>"\1\0\0\0\0\0\0\0", 8) = 8
25736 write(8, "\1\0\0\0\0\0\0\0", 8 <unfinished ...>
25690 epoll_wait(7,  <unfinished ...>
25671 getpid( <unfinished ...>
25690 <... epoll_wait resumed>[{events=EPOLLIN, data={u32=2088199424, u64=101367611352320}}], 256, -1) = 1
25736 <... write resumed>)              = 8
25671 <... getpid resumed>)             = 25670
25734 <... poll resumed>)               = 1 ([{fd=8, revents=POLLIN}])
25690 getpid( <unfinished ...>
25736 getpid( <unfinished ...>
25671 poll([{fd=9, events=POLLIN}], 1, 0 <unfinished ...>
25734 getpid( <unfinished ...>
25736 <... getpid resumed>)             = 25734
25690 <... getpid resumed>)             = 25688
25734 <... getpid resumed>)             = 25734
25671 <... poll resumed>)               = 0 (Timeout)
25736 poll([{fd=6, events=POLLIN}], 1, 0 <unfinished ...>
25734 poll([{fd=8, events=POLLIN}], 1, 0 <unfinished ...>
25690 poll([{fd=6, events=POLLIN}], 1, 0 <unfinished ...>
25671 epoll_ctl(5, EPOLL_CTL_DEL, 9, 0x7051100141c4 <unfinished ...>
25736 <... poll resumed>)               = 0 (Timeout)
25734 <... poll resumed>)               = 1 ([{fd=8, revents=POLLIN}])
25690 <... poll resumed>)               = 1 ([{fd=6, revents=POLLIN}])
25736 epoll_wait(7,  <unfinished ...>
25734 getpid( <unfinished ...>
25671 <... epoll_ctl resumed>)          = 0
25734 <... getpid resumed>)             = 25734
25690 getpid( <unfinished ...>
25734 read(8,  <unfinished ...>
25671 close(9 <unfinished ...>
25734 <... read resumed>"\1\0\0\0\0\0\0\0", 8) = 8
25690 <... getpid resumed>)             = 25688
25671 <... close resumed>)              = 0
25734 getpid( <unfinished ...>
25690 read(6,  <unfinished ...>
25734 <... getpid resumed>)             = 25734
25671 getpid( <unfinished ...>
25734 poll([{fd=8, events=POLLIN}], 1, 0 <unfinished ...>
25690 <... read resumed>"\1\0\0\0\0\0\0\0", 8) = 8
25734 <... poll resumed>)               = 0 (Timeout)
25671 <... getpid resumed>)             = 25670
25734 getpid( <unfinished ...>
25690 getpid( <unfinished ...>
25671 getpid( <unfinished ...>
25734 <... getpid resumed>)             = 25734
25690 <... getpid resumed>)             = 25688
25734 write(6, "\1\0\0\0\0\0\0\0", 8 <unfinished ...>
25671 <... getpid resumed>)             = 25670
25690 write(8, "\1\0\0\0\0\0\0\0", 8 <unfinished ...>
25736 <... epoll_wait resumed>[{events=EPOLLIN, data={u32=3263792384, u64=101231347991808}}], 256, -1) = 1
25734 <... write resumed>)              = 8
25671 poll([{fd=4, events=POLLIN}], 1, 0 <unfinished ...>
25736 getpid( <unfinished ...>
25734 poll([{fd=8, events=POLLIN}], 1, 293038 <unfinished ...>
25690 <... write resumed>)              = 8
25688 <... poll resumed>)               = 1 ([{fd=8, revents=POLLIN}])
25736 <... getpid resumed>)             = 25734
25671 <... poll resumed>)               = 1 ([{fd=4, revents=POLLIN}])
25736 poll([{fd=6, events=POLLIN}], 1, 0 <unfinished ...>
25690 getpid( <unfinished ...>
25688 getpid( <unfinished ...>
25736 <... poll resumed>)               = 1 ([{fd=6, revents=POLLIN}])
25690 <... getpid resumed>)             = 25688
25671 getpid( <unfinished ...>
25736 getpid( <unfinished ...>
25690 poll([{fd=6, events=POLLIN}], 1, 0 <unfinished ...>
25688 <... getpid resumed>)             = 25688
25736 <... getpid resumed>)             = 25734
25690 <... poll resumed>)               = 0 (Timeout)
25671 <... getpid resumed>)             = 25670
25736 read(6,  <unfinished ...>
25690 epoll_wait(7,  <unfinished ...>
25688 poll([{fd=8, events=POLLIN}], 1, 0 <unfinished ...>
25736 <... read resumed>"\1\0\0\0\0\0\0\0", 8) = 8
25671 read(4,  <unfinished ...>
25688 <... poll resumed>)               = 1 ([{fd=8, revents=POLLIN}])
25736 getpid( <unfinished ...>
25671 <... read resumed>"\1\0\0\0\0\0\0\0", 8) = 8
25736 <... getpid resumed>)             = 25734
25688 getpid( <unfinished ...>
25736 write(8, "\1\0\0\0\0\0\0\0", 8 <unfinished ...>
25671 getpid( <unfinished ...>
25736 <... write resumed>)              = 8
25688 <... getpid resumed>)             = 25688
25734 <... poll resumed>)               = 1 ([{fd=8, revents=POLLIN}])
25671 <... getpid resumed>)             = 25670
25736 getpid( <unfinished ...>
25734 getpid( <unfinished ...>
25688 read(8,  <unfinished ...>
25671 getpid( <unfinished ...>
25736 <... getpid resumed>)             = 25734
25734 <... getpid resumed>)             = 25734
25736 poll([{fd=6, events=POLLIN}], 1, 0 <unfinished ...>
25688 <... read resumed>"\1\0\0\0\0\0\0\0", 8) = 8
25671 <... getpid resumed>)             = 25670
25736 <... poll resumed>)               = 0 (Timeout)
25734 poll([{fd=8, events=POLLIN}], 1, 0 <unfinished ...>
25736 epoll_wait(7,  <unfinished ...>
25688 getpid( <unfinished ...>
25671 getpid( <unfinished ...>
25734 <... poll resumed>)               = 1 ([{fd=8, revents=POLLIN}])
25688 <... getpid resumed>)             = 25688
25671 <... getpid resumed>)             = 25670
25734 getpid( <unfinished ...>
25688 poll([{fd=8, events=POLLIN}], 1, 0 <unfinished ...>
25671 write(3, "\1\0\0\0\0\0\0\0", 8 <unfinished ...>
25734 <... getpid resumed>)             = 25734
25688 <... poll resumed>)               = 0 (Timeout)
25671 <... write resumed>)              = 8
25670 <... poll resumed>)               = 1 ([{fd=3, revents=POLLIN}])
25734 read(8,  <unfinished ...>
25688 getpid( <unfinished ...>
25670 getpid( <unfinished ...>
25671 epoll_ctl(5, EPOLL_CTL_DEL, 4, 0x5cb8599505c4 <unfinished ...>
25670 <... getpid resumed>)             = 25670
25734 <... read resumed>"\1\0\0\0\0\0\0\0", 8) = 8
25688 <... getpid resumed>)             = 25688
25670 read(3,  <unfinished ...>
25671 <... epoll_ctl resumed>)          = 0
25670 <... read resumed>"\1\0\0\0\0\0\0\0", 8) = 8
25734 getpid( <unfinished ...>
25688 write(6, "\1\0\0\0\0\0\0\0", 8 <unfinished ...>
25670 getpid( <unfinished ...>
25734 <... getpid resumed>)             = 25734
25671 getpid( <unfinished ...>
25670 <... getpid resumed>)             = 25670
25690 <... epoll_wait resumed>[{events=EPOLLIN, data={u32=2088199424, u64=101367611352320}}], 256, -1) = 1
25688 <... write resumed>)              = 8
25670 write(6, "\1\0\0\0\0\0\0\0", 8 <unfinished ...>
25734 poll([{fd=8, events=POLLIN}], 1, 0 <unfinished ...>
25690 getpid( <unfinished ...>
25671 <... getpid resumed>)             = 25670
25670 <... write resumed>)              = 8
25734 <... poll resumed>)               = 0 (Timeout)
25690 <... getpid resumed>)             = 25688
25688 poll([{fd=8, events=POLLIN}], 1, 293037 <unfinished ...>
25672 <... epoll_wait resumed>[{events=EPOLLIN, data={u32=1502938368, u64=101946846676224}}], 256, -1) = 1
25671 getpid( <unfinished ...>
25670 futex(0x705118000990, FUTEX_WAIT_BITSET|FUTEX_CLOCK_REALTIME, 25672, NULL, FUTEX_BITSET_MATCH_ANY <unfinished ...>
25734 poll([{fd=8, events=POLLIN}], 1, 293038 <unfinished ...>
25690 poll([{fd=6, events=POLLIN}], 1, 0 <unfinished ...>
25672 getpid( <unfinished ...>
25671 <... getpid resumed>)             = 25670
25690 <... poll resumed>)               = 1 ([{fd=6, revents=POLLIN}])
25672 <... getpid resumed>)             = 25670
25671 poll([{fd=4, events=POLLIN}], 1, 0 <unfinished ...>
25690 getpid( <unfinished ...>
25672 poll([{fd=6, events=POLLIN}], 1, 0 <unfinished ...>
25671 <... poll resumed>)               = 0 (Timeout)
25690 <... getpid resumed>)             = 25688
25672 <... poll resumed>)               = 1 ([{fd=6, revents=POLLIN}])
25690 read(6,  <unfinished ...>
25671 rt_sigprocmask(SIG_BLOCK, ~[RT_1],  <unfinished ...>
25690 <... read resumed>"\1\0\0\0\0\0\0\0", 8) = 8
25672 getpid( <unfinished ...>
25671 <... rt_sigprocmask resumed>NULL, 8) = 0
25690 getpid( <unfinished ...>
25672 <... getpid resumed>)             = 25670
25690 <... getpid resumed>)             = 25688
25671 madvise(0x705118200000, 8368128, MADV_DONTNEED <unfinished ...>
25690 write(8, "\1\0\0\0\0\0\0\0", 8 <unfinished ...>
25672 read(6,  <unfinished ...>
25690 <... write resumed>)              = 8
25688 <... poll resumed>)               = 1 ([{fd=8, revents=POLLIN}])
25672 <... read resumed>"\1\0\0\0\0\0\0\0", 8) = 8
25690 getpid( <unfinished ...>
25688 getpid( <unfinished ...>
25690 <... getpid resumed>)             = 25688
25672 epoll_ctl(7, EPOLL_CTL_DEL, 6, 0x5cb859950504 <unfinished ...>
25690 poll([{fd=6, events=POLLIN}], 1, 0 <unfinished ...>
25688 <... getpid resumed>)             = 25688
25690 <... poll resumed>)               = 0 (Timeout)
25672 <... epoll_ctl resumed>)          = 0
25690 epoll_wait(7,  <unfinished ...>
25688 poll([{fd=8, events=POLLIN}], 1, 0 <unfinished ...>
25672 getpid( <unfinished ...>
25671 <... madvise resumed>)            = 0
25688 <... poll resumed>)               = 1 ([{fd=8, revents=POLLIN}])
25672 <... getpid resumed>)             = 25670
25688 getpid( <unfinished ...>
25671 exit(0 <unfinished ...>
25688 <... getpid resumed>)             = 25688
25672 poll([{fd=6, events=POLLIN}], 1, 0 <unfinished ...>
25688 read(8,  <unfinished ...>
25671 <... exit resumed>)               = ?
25688 <... read resumed>"\1\0\0\0\0\0\0\0", 8) = 8
25672 <... poll resumed>)               = 0 (Timeout)
25671 +++ exited with 0 +++
25688 getpid()                          = 25688
25672 rt_sigprocmask(SIG_BLOCK, ~[RT_1],  <unfinished ...>
25688 poll([{fd=8, events=POLLIN}], 1, 0 <unfinished ...>
25672 <... rt_sigprocmask resumed>NULL, 8) = 0
25688 <... poll resumed>)               = 0 (Timeout)
25672 madvise(0x705117800000, 8368128, MADV_DONTNEED <unfinished ...>
25688 poll([{fd=8, events=POLLIN}], 1, 293036 <unfinished ...>
25672 <... madvise resumed>)            = 0
25672 exit(0)                           = ?
25670 <... futex resumed>)              = 0
25672 +++ exited with 0 +++
25670 close(7)                          = 0
25670 close(6)                          = 0
25670 close(5)                          = 0
25670 close(4)                          = 0
25670 close(3)                          = 0
25670 lseek(0, -1, SEEK_CUR)            = -1 ESPIPE (Недопустимая операция смещения)
25670 exit_group(0)                     = ?
25670 +++ exited with 0 +++
25734 <... poll resumed>)               = ? ERESTART_RESTARTBLOCK (Interrupted by signal)
25718 <... poll resumed>)               = ? ERESTART_RESTARTBLOCK (Interrupted by signal)
25688 <... poll resumed>)               = ? ERESTART_RESTARTBLOCK (Interrupted by signal)
25718 --- SIGINT {si_signo=SIGINT, si_code=SI_KERNEL} ---
25688 --- SIGINT {si_signo=SIGINT, si_code=SI_KERNEL} ---
25734 --- SIGINT {si_signo=SIGINT, si_code=SI_KERNEL} ---
25720 <... epoll_wait resumed> <unfinished ...>) = ?
25736 <... epoll_wait resumed> <unfinished ...>) = ?
25735 <... epoll_wait resumed> <unfinished ...>) = ?
25719 <... epoll_wait resumed> <unfinished ...>) = ?
25690 <... epoll_wait resumed> <unfinished ...>) = ?
25689 <... epoll_wait resumed> <unfinished ...>) = ?
25736 +++ killed by SIGINT +++
25720 +++ killed by SIGINT +++
25719 +++ killed by SIGINT +++
25690 +++ killed by SIGINT +++
25689 +++ killed by SIGINT +++
25735 +++ killed by SIGINT +++
25734 +++ killed by SIGINT +++
25718 +++ killed by SIGINT +++
25688 +++ killed by SIGINT +++
