25733 getpid()                          = 25670
25733 poll([{fd=11, events=POLLIN}], 1, 0) = 0 (Timeout)
25733 getpid()                          = 25670
25733 write(6, "\1\0\0\0\0\0\0\0", 8)   = 8
25672 <... epoll_wait resumed>[{events=EPOLLIN, data={u32=1502938368, u64=101946846676224}}], 256, -1) = 1
25672 getpid( <unfinished ...>
25733 write(1, "OK: 25734\n", 10 <unfinished ...>
25672 <... getpid resumed>)             = 25670
25672 poll([{fd=6, events=POLLIN}], 1, 0 <unfinished ...>
25733 <... write resumed>)              = 10
25672 <... poll resumed>)               = 1 ([{fd=6, revents=POLLIN}])
25672 getpid( <unfinished ...>
25733 rt_sigprocmask(SIG_BLOCK, ~[RT_1],  <unfinished ...>
25672 <... getpid resumed>)             = 25670
25733 <... rt_sigprocmask resumed>NULL, 8) = 0
25672 read(6,  <unfinished ...>
25733 madvise(0x705116400000, 8368128, MADV_DONTNEED <unfinished ...>
25672 <... read resumed>"\1\0\0\0\0\0\0\0", 8) = 8
25672 getpid( <unfinished ...>
25733 <... madvise resumed>)            = 0
25672 <... getpid resumed>)             = 25670
25733 exit(0 <unfinished ...>
25672 poll([{fd=6, events=POLLIN}], 1, 0 <unfinished ...>
25733 <... exit resumed>)               = ?
25672 <... poll resumed>)               = 0 (Timeout)
25672 epoll_wait(7,  <unfinished ...>
25733 +++ exited with 0 +++
25670 <... read resumed>"print\n", 1024) = 6
25670 write(1, "-1\n", 3)               = 3
25670 write(1, "{ 1 2 }\n", 8)          = 8
25670 write(1, "{ 3 }\n", 6)            = 6
25670 read(0, "exec 2 qwe 1\n", 1024)   = 13
25670 rt_sigprocmask(SIG_BLOCK, ~[], [], 8) = 0
25670 clone3({flags=CLONE_VM|CLONE_FS|CLONE_FILES|CLONE_SIGHAND|CLONE_THREAD|CLONE_SYSVSEM|CLONE_SETTLS|CLONE_PARENT_SETTID|CLONE_CHILD_CLEARTID, child_tid=0x705116c00990, parent_tid=0x705116c00990, exit_signal=0, stack=0x705116400000, stack_size=0x7ffb40, tls=0x705116c006c0} => {parent_tid=[25881]}, 88) = 25881
25670 rt_sigprocmask(SIG_SETMASK, [], NULL, 8) = 0
25881 rseq(0x705116c00fe0, 0x20, 0, 0x53053053 <unfinished ...>
25670 read(0,  <unfinished ...>
25881 <... rseq resumed>)               = 0
25881 set_robust_list(0x705116c009a0, 24) = 0
25881 rt_sigprocmask(SIG_SETMASK, [], NULL, 8) = 0
25881 poll([{fd=9, events=POLLIN}], 1, 0) = 0 (Timeout)
25881 getpid()                          = 25670
25881 poll([{fd=9, events=POLLIN}], 1, 0) = 0 (Timeout)
25881 getpid()                          = 25670
25881 poll([{fd=9, events=POLLIN}], 1, 0) = 0 (Timeout)
25881 getpid()                          = 25670
25881 write(6, "\1\0\0\0\0\0\0\0", 8)   = 8
25672 <... epoll_wait resumed>[{events=EPOLLIN, data={u32=1502938368, u64=101946846676224}}], 256, -1) = 1
25881 poll([{fd=9, events=POLLIN}], 1, 0) = 0 (Timeout)
25672 getpid( <unfinished ...>
25881 getpid()                          = 25670
25672 <... getpid resumed>)             = 25670
25881 poll([{fd=9, events=POLLIN}], 1, 0) = 0 (Timeout)
25672 poll([{fd=6, events=POLLIN}], 1, 0 <unfinished ...>
25881 poll([{fd=9, events=POLLIN}], 1, 3000 <unfinished ...>
25672 <... poll resumed>)               = 1 ([{fd=6, revents=POLLIN}])
25672 getpid()                          = 25670
25672 read(6, "\1\0\0\0\0\0\0\0", 8)    = 8
25672 epoll_ctl(7, EPOLL_CTL_MOD, 10, {events=EPOLLIN|EPOLLOUT, data={u32=134222960, u64=123493328884848}}) = 0
25672 sendto(10, "\1\0\0\v2 set qwe 1", 15, 0, NULL, 0 <unfinished ...>
25690 <... epoll_wait resumed>[{events=EPOLLIN, data={u32=3288337360, u64=131760000076752}}], 256, -1) = 1
25672 <... sendto resumed>)             = 15
25690 recvfrom(10,  <unfinished ...>
25672 getpid( <unfinished ...>
25690 <... recvfrom resumed>"\1\0\0\v2 set qwe 1", 8192, 0, NULL, NULL) = 15
25672 <... getpid resumed>)             = 25670
25690 getpid( <unfinished ...>
25672 poll([{fd=6, events=POLLIN}], 1, 0 <unfinished ...>
25690 <... getpid resumed>)             = 25688
25690 write(8, "\1\0\0\0\0\0\0\0", 8 <unfinished ...>
25672 <... poll resumed>)               = 0 (Timeout)
25690 <... write resumed>)              = 8
25690 epoll_wait(7,  <unfinished ...>
25672 epoll_wait(7, [{events=EPOLLOUT, data={u32=134222960, u64=123493328884848}}], 256, -1) = 1
25688 <... poll resumed>)               = 1 ([{fd=8, revents=POLLIN}])
25672 epoll_ctl(7, EPOLL_CTL_MOD, 10, {events=EPOLLIN, data={u32=134222960, u64=123493328884848}} <unfinished ...>
25688 getpid( <unfinished ...>
25672 <... epoll_ctl resumed>)          = 0
25688 <... getpid resumed>)             = 25688
25672 epoll_wait(7,  <unfinished ...>
25688 poll([{fd=8, events=POLLIN}], 1, 0) = 1 ([{fd=8, revents=POLLIN}])
25688 getpid()                          = 25688
25688 read(8, "\1\0\0\0\0\0\0\0", 8)    = 8
25688 getpid()                          = 25688
25688 poll([{fd=8, events=POLLIN}], 1, 0) = 0 (Timeout)
25688 poll([{fd=11, events=POLLIN}], 1, 0) = 0 (Timeout)
25688 getpid()                          = 25688
25688 poll([{fd=11, events=POLLIN}], 1, 0) = 0 (Timeout)
25688 getpid()                          = 25688
25688 poll([{fd=11, events=POLLIN}], 1, 0) = 0 (Timeout)
25688 getpid()                          = 25688
25688 write(6, "\1\0\0\0\0\0\0\0", 8 <unfinished ...>
25690 <... epoll_wait resumed>[{events=EPOLLIN, data={u32=2088199424, u64=101367611352320}}], 256, -1) = 1
25688 <... write resumed>)              = 8
25690 getpid( <unfinished ...>
25688 poll([{fd=11, events=POLLIN}], 1, 0 <unfinished ...>
25690 <... getpid resumed>)             = 25688
25688 <... poll resumed>)               = 0 (Timeout)
25690 poll([{fd=6, events=POLLIN}], 1, 0 <unfinished ...>
25688 getpid( <unfinished ...>
25690 <... poll resumed>)               = 1 ([{fd=6, revents=POLLIN}])
25688 <... getpid resumed>)             = 25688
25690 getpid( <unfinished ...>
25688 poll([{fd=11, events=POLLIN}], 1, 0 <unfinished ...>
25690 <... getpid resumed>)             = 25688
25688 <... poll resumed>)               = 0 (Timeout)
25690 read(6,  <unfinished ...>
25688 poll([{fd=11, events=POLLIN}], 1, 3000 <unfinished ...>
25690 <... read resumed>"\1\0\0\0\0\0\0\0", 8) = 8
25690 epoll_ctl(7, EPOLL_CTL_MOD, 12, {events=EPOLLIN|EPOLLOUT, data={u32=3288406784, u64=131760000146176}}) = 0
25690 sendto(12, "\1\0\0\v2 set qwe 1", 15, 0, NULL, 0) = 15
25720 <... epoll_wait resumed>[{events=EPOLLIN, data={u32=2080377808, u64=139171905670096}}], 256, -1) = 1
25690 getpid( <unfinished ...>
25720 recvfrom(10,  <unfinished ...>
25690 <... getpid resumed>)             = 25688
25720 <... recvfrom resumed>"\1\0\0\v2 set qwe 1", 8192, 0, NULL, NULL) = 15
25690 poll([{fd=6, events=POLLIN}], 1, 0) = 0 (Timeout)
25720 getpid( <unfinished ...>
25690 epoll_wait(7,  <unfinished ...>
25720 <... getpid resumed>)             = 25718
25690 <... epoll_wait resumed>[{events=EPOLLOUT, data={u32=3288406784, u64=131760000146176}}], 256, -1) = 1
25720 write(8, "\1\0\0\0\0\0\0\0", 8 <unfinished ...>
25690 epoll_ctl(7, EPOLL_CTL_MOD, 12, {events=EPOLLIN, data={u32=3288406784, u64=131760000146176}} <unfinished ...>
25720 <... write resumed>)              = 8
25718 <... poll resumed>)               = 1 ([{fd=8, revents=POLLIN}])
25690 <... epoll_ctl resumed>)          = 0
25720 epoll_wait(7,  <unfinished ...>
25690 epoll_wait(7,  <unfinished ...>
25718 getpid()                          = 25718
25718 poll([{fd=8, events=POLLIN}], 1, 0) = 1 ([{fd=8, revents=POLLIN}])
25718 getpid()                          = 25718
25718 read(8, "\1\0\0\0\0\0\0\0", 8)    = 8
25718 getpid()                          = 25718
25718 poll([{fd=8, events=POLLIN}], 1, 0) = 0 (Timeout)
25718 poll([{fd=8, events=POLLIN}], 1, 0) = 0 (Timeout)
25718 getpid()                          = 25718
25718 poll([{fd=8, events=POLLIN}], 1, 0) = 0 (Timeout)
25718 getpid()                          = 25718
25718 poll([{fd=8, events=POLLIN}], 1, 0) = 0 (Timeout)
25718 getpid()                          = 25718
25718 write(6, "\1\0\0\0\0\0\0\0", 8)   = 8
25720 <... epoll_wait resumed>[{events=EPOLLIN, data={u32=681485568, u64=108070648587520}}], 256, -1) = 1
25718 poll([{fd=8, events=POLLIN}], 1, 0 <unfinished ...>
25720 getpid( <unfinished ...>
25718 <... poll resumed>)               = 0 (Timeout)
25720 <... getpid resumed>)             = 25718
25718 getpid( <unfinished ...>
25720 poll([{fd=6, events=POLLIN}], 1, 0 <unfinished ...>
25718 <... getpid resumed>)             = 25718
25720 <... poll resumed>)               = 1 ([{fd=6, revents=POLLIN}])
25718 poll([{fd=8, events=POLLIN}], 1, 0 <unfinished ...>
25720 getpid( <unfinished ...>
25718 <... poll resumed>)               = 0 (Timeout)
25720 <... getpid resumed>)             = 25718
25718 poll([{fd=8, events=POLLIN}], 1, 300000 <unfinished ...>
25720 read(6, "\1\0\0\0\0\0\0\0", 8)    = 8
25720 epoll_ctl(7, EPOLL_CTL_MOD, 10, {events=EPOLLIN|EPOLLOUT, data={u32=2080377808, u64=139171905670096}}) = 0
25720 sendto(10, "\1\0\0\5OK: 2", 9, 0, NULL, 0) = 9
25690 <... epoll_wait resumed>[{events=EPOLLIN, data={u32=3288406784, u64=131760000146176}}], 256, -1) = 1
25720 getpid()                          = 25718
25690 recvfrom(12,  <unfinished ...>
25720 poll([{fd=6, events=POLLIN}], 1, 0 <unfinished ...>
25690 <... recvfrom resumed>"\1\0\0\5OK: 2", 8192, 0, NULL, NULL) = 9
25720 <... poll resumed>)               = 0 (Timeout)
25720 epoll_wait(7,  <unfinished ...>
25690 getpid( <unfinished ...>
25720 <... epoll_wait resumed>[{events=EPOLLOUT, data={u32=2080377808, u64=139171905670096}}], 256, -1) = 1
25690 <... getpid resumed>)             = 25688
25720 epoll_ctl(7, EPOLL_CTL_MOD, 10, {events=EPOLLIN, data={u32=2080377808, u64=139171905670096}} <unfinished ...>
25690 write(11, "\1\0\0\0\0\0\0\0", 8 <unfinished ...>
25720 <... epoll_ctl resumed>)          = 0
25720 epoll_wait(7,  <unfinished ...>
25690 <... write resumed>)              = 8
25688 <... poll resumed>)               = 1 ([{fd=11, revents=POLLIN}])
25690 epoll_wait(7,  <unfinished ...>
25688 getpid()                          = 25688
25688 poll([{fd=11, events=POLLIN}], 1, 0) = 1 ([{fd=11, revents=POLLIN}])
25688 getpid()                          = 25688
25688 read(11, "\1\0\0\0\0\0\0\0", 8)   = 8
25688 getpid()                          = 25688
25688 poll([{fd=11, events=POLLIN}], 1, 0) = 0 (Timeout)
25688 poll([{fd=8, events=POLLIN}], 1, 0) = 0 (Timeout)
25688 getpid()                          = 25688
25688 poll([{fd=8, events=POLLIN}], 1, 0) = 0 (Timeout)
25688 getpid()                          = 25688
25688 poll([{fd=8, events=POLLIN}], 1, 0) = 0 (Timeout)
25688 getpid()                          = 25688
25688 write(6, "\1\0\0\0\0\0\0\0", 8)   = 8
25690 <... epoll_wait resumed>[{events=EPOLLIN, data={u32=2088199424, u64=101367611352320}}], 256, -1) = 1
25688 poll([{fd=8, events=POLLIN}], 1, 0 <unfinished ...>
25690 getpid( <unfinished ...>
25688 <... poll resumed>)               = 0 (Timeout)
25690 <... getpid resumed>)             = 25688
25688 getpid( <unfinished ...>
25690 poll([{fd=6, events=POLLIN}], 1, 0 <unfinished ...>
25688 <... getpid resumed>)             = 25688
25690 <... poll resumed>)               = 1 ([{fd=6, revents=POLLIN}])
25688 poll([{fd=8, events=POLLIN}], 1, 0 <unfinished ...>
25690 getpid( <unfinished ...>
25688 <... poll resumed>)               = 0 (Timeout)
25690 <... getpid resumed>)             = 25688
25688 poll([{fd=8, events=POLLIN}], 1, 300000 <unfinished ...>
25690 read(6, "\1\0\0\0\0\0\0\0", 8)    = 8
25690 epoll_ctl(7, EPOLL_CTL_MOD, 10, {events=EPOLLIN|EPOLLOUT, data={u32=3288337360, u64=131760000076752}}) = 0
25690 sendto(10, "\1\0\0\5OK: 2", 9, 0, NULL, 0) = 9
25672 <... epoll_wait resumed>[{events=EPOLLIN, data={u32=134222960, u64=123493328884848}}], 256, -1) = 1
25690 getpid()                          = 25688
25672 recvfrom(10,  <unfinished ...>
25690 poll([{fd=6, events=POLLIN}], 1, 0 <unfinished ...>
25672 <... recvfrom resumed>"\1\0\0\5OK: 2", 8192, 0, NULL, NULL) = 9
25690 <... poll resumed>)               = 0 (Timeout)
25690 epoll_wait(7,  <unfinished ...>
25672 getpid( <unfinished ...>
25690 <... epoll_wait resumed>[{events=EPOLLOUT, data={u32=3288337360, u64=131760000076752}}], 256, -1) = 1
25672 <... getpid resumed>)             = 25670
25690 epoll_ctl(7, EPOLL_CTL_MOD, 10, {events=EPOLLIN, data={u32=3288337360, u64=131760000076752}} <unfinished ...>
25672 write(9, "\1\0\0\0\0\0\0\0", 8 <unfinished ...>
25690 <... epoll_ctl resumed>)          = 0
25881 <... poll resumed>)               = 1 ([{fd=9, revents=POLLIN}])
25672 <... write resumed>)              = 8
25690 epoll_wait(7,  <unfinished ...>
25881 getpid( <unfinished ...>
25672 epoll_wait(7,  <unfinished ...>
25881 <... getpid resumed>)             = 25670
25881 poll([{fd=9, events=POLLIN}], 1, 0) = 1 ([{fd=9, revents=POLLIN}])
25881 getpid()                          = 25670
25881 read(9, "\1\0\0\0\0\0\0\0", 8)    = 8
25881 getpid()                          = 25670
25881 poll([{fd=9, events=POLLIN}], 1, 0) = 0 (Timeout)
25881 write(1, "OK: 2\n", 6)            = 6
25881 rt_sigprocmask(SIG_BLOCK, ~[RT_1], NULL, 8) = 0
25881 madvise(0x705116400000, 8368128, MADV_DONTNEED) = 0
25881 exit(0)                           = ?
25881 +++ exited with 0 +++
25670 <... read resumed>"exec 1 qwe\n", 1024) = 11
25670 rt_sigprocmask(SIG_BLOCK, ~[], [], 8) = 0
25670 clone3({flags=CLONE_VM|CLONE_FS|CLONE_FILES|CLONE_SIGHAND|CLONE_THREAD|CLONE_SYSVSEM|CLONE_SETTLS|CLONE_PARENT_SETTID|CLONE_CHILD_CLEARTID, child_tid=0x705116c00990, parent_tid=0x705116c00990, exit_signal=0, stack=0x705116400000, stack_size=0x7ffb40, tls=0x705116c006c0} => {parent_tid=[25932]}, 88) = 25932
25670 rt_sigprocmask(SIG_SETMASK, [],  <unfinished ...>
25932 rseq(0x705116c00fe0, 0x20, 0, 0x53053053 <unfinished ...>
25670 <... rt_sigprocmask resumed>NULL, 8) = 0
25670 read(0,  <unfinished ...>
25932 <... rseq resumed>)               = 0
25932 set_robust_list(0x705116c009a0, 24) = 0
25932 rt_sigprocmask(SIG_SETMASK, [], NULL, 8) = 0
25932 poll([{fd=9, events=POLLIN}], 1, 0) = 0 (Timeout)
25932 getpid()                          = 25670
25932 poll([{fd=9, events=POLLIN}], 1, 0) = 0 (Timeout)
25932 getpid()                          = 25670
25932 poll([{fd=9, events=POLLIN}], 1, 0) = 0 (Timeout)
25932 getpid()                          = 25670
25932 write(6, "\1\0\0\0\0\0\0\0", 8)   = 8
25932 poll([{fd=9, events=POLLIN}], 1, 0) = 0 (Timeout)
25672 <... epoll_wait resumed>[{events=EPOLLIN, data={u32=1502938368, u64=101946846676224}}], 256, -1) = 1
25932 getpid()                          = 25670
25672 getpid( <unfinished ...>
25932 poll([{fd=9, events=POLLIN}], 1, 0 <unfinished ...>
25672 <... getpid resumed>)             = 25670
25932 <... poll resumed>)               = 0 (Timeout)
25672 poll([{fd=6, events=POLLIN}], 1, 0 <unfinished ...>
25932 poll([{fd=9, events=POLLIN}], 1, 3000 <unfinished ...>
25672 <... poll resumed>)               = 1 ([{fd=6, revents=POLLIN}])
25672 getpid()                          = 25670
25672 read(6, "\1\0\0\0\0\0\0\0", 8)    = 8
25672 epoll_ctl(7, EPOLL_CTL_MOD, 10, {events=EPOLLIN|EPOLLOUT, data={u32=134222960, u64=123493328884848}}) = 0
25672 sendto(10, "\1\0\0\t1 get qwe", 13, 0, NULL, 0) = 13
25690 <... epoll_wait resumed>[{events=EPOLLIN, data={u32=3288337360, u64=131760000076752}}], 256, -1) = 1
25672 getpid()                          = 25670
25690 recvfrom(10,  <unfinished ...>
25672 poll([{fd=6, events=POLLIN}], 1, 0 <unfinished ...>
25690 <... recvfrom resumed>"\1\0\0\t1 get qwe", 8192, 0, NULL, NULL) = 13
25672 <... poll resumed>)               = 0 (Timeout)
25672 epoll_wait(7,  <unfinished ...>
25690 getpid( <unfinished ...>
25672 <... epoll_wait resumed>[{events=EPOLLOUT, data={u32=134222960, u64=123493328884848}}], 256, -1) = 1
25690 <... getpid resumed>)             = 25688
25672 epoll_ctl(7, EPOLL_CTL_MOD, 10, {events=EPOLLIN, data={u32=134222960, u64=123493328884848}} <unfinished ...>
25690 write(8, "\1\0\0\0\0\0\0\0", 8 <unfinished ...>
25672 <... epoll_ctl resumed>)          = 0
25690 <... write resumed>)              = 8
25672 epoll_wait(7,  <unfinished ...>
25690 epoll_wait(7,  <unfinished ...>
25688 <... poll resumed>)               = 1 ([{fd=8, revents=POLLIN}])
25688 getpid()                          = 25688
25688 poll([{fd=8, events=POLLIN}], 1, 0) = 1 ([{fd=8, revents=POLLIN}])
25688 getpid()                          = 25688
25688 read(8, "\1\0\0\0\0\0\0\0", 8)    = 8
25688 getpid()                          = 25688
25688 poll([{fd=8, events=POLLIN}], 1, 0) = 0 (Timeout)
25688 futex(0x77d5ca77a070, FUTEX_WAKE_PRIVATE, 2147483647) = 0
25688 poll([{fd=8, events=POLLIN}], 1, 0) = 0 (Timeout)
25688 getpid()                          = 25688
25688 poll([{fd=8, events=POLLIN}], 1, 0) = 0 (Timeout)
25688 getpid()                          = 25688
25688 poll([{fd=8, events=POLLIN}], 1, 0) = 0 (Timeout)
25688 getpid()                          = 25688
25688 write(6, "\1\0\0\0\0\0\0\0", 8)   = 8
25690 <... epoll_wait resumed>[{events=EPOLLIN, data={u32=2088199424, u64=101367611352320}}], 256, -1) = 1
25688 poll([{fd=8, events=POLLIN}], 1, 0 <unfinished ...>
25690 getpid( <unfinished ...>
25688 <... poll resumed>)               = 0 (Timeout)
25690 <... getpid resumed>)             = 25688
25688 getpid( <unfinished ...>
25690 poll([{fd=6, events=POLLIN}], 1, 0 <unfinished ...>
25688 <... getpid resumed>)             = 25688
25690 <... poll resumed>)               = 1 ([{fd=6, revents=POLLIN}])
25688 poll([{fd=8, events=POLLIN}], 1, 0 <unfinished ...>
25690 getpid( <unfinished ...>
25688 <... poll resumed>)               = 0 (Timeout)
25690 <... getpid resumed>)             = 25688
25688 poll([{fd=8, events=POLLIN}], 1, 300000 <unfinished ...>
25690 read(6, "\1\0\0\0\0\0\0\0", 8)    = 8
25690 epoll_ctl(7, EPOLL_CTL_MOD, 10, {events=EPOLLIN|EPOLLOUT, data={u32=3288337360, u64=131760000076752}}) = 0
25690 sendto(10, "\1\0\0\25OK:1: 'qwe' not found", 25, 0, NULL, 0) = 25
25672 <... epoll_wait resumed>[{events=EPOLLIN, data={u32=134222960, u64=123493328884848}}], 256, -1) = 1
25690 getpid( <unfinished ...>
25672 recvfrom(10,  <unfinished ...>
25690 <... getpid resumed>)             = 25688
25672 <... recvfrom resumed>"\1\0\0\25OK:1: 'qwe' not found", 8192, 0, NULL, NULL) = 25
25690 poll([{fd=6, events=POLLIN}], 1, 0 <unfinished ...>
25672 getpid( <unfinished ...>
25690 <... poll resumed>)               = 0 (Timeout)
25672 <... getpid resumed>)             = 25670
25690 epoll_wait(7,  <unfinished ...>
25672 write(9, "\1\0\0\0\0\0\0\0", 8 <unfinished ...>
25690 <... epoll_wait resumed>[{events=EPOLLOUT, data={u32=3288337360, u64=131760000076752}}], 256, -1) = 1
25672 <... write resumed>)              = 8
25932 <... poll resumed>)               = 1 ([{fd=9, revents=POLLIN}])
25690 epoll_ctl(7, EPOLL_CTL_MOD, 10, {events=EPOLLIN, data={u32=3288337360, u64=131760000076752}} <unfinished ...>
25932 getpid( <unfinished ...>
25672 epoll_wait(7,  <unfinished ...>
25932 <... getpid resumed>)             = 25670
25690 <... epoll_ctl resumed>)          = 0
25932 poll([{fd=9, events=POLLIN}], 1, 0 <unfinished ...>
25690 epoll_wait(7,  <unfinished ...>
25932 <... poll resumed>)               = 1 ([{fd=9, revents=POLLIN}])
25932 getpid()                          = 25670
25932 read(9, "\1\0\0\0\0\0\0\0", 8)    = 8
25932 getpid()                          = 25670
25932 poll([{fd=9, events=POLLIN}], 1, 0) = 0 (Timeout)
25932 write(1, "OK:1: 'qwe' not found\n", 22) = 22
25932 rt_sigprocmask(SIG_BLOCK, ~[RT_1], NULL, 8) = 0
25932 madvise(0x705116400000, 8368128, MADV_DONTNEED) = 0
25932 exit(0)                           = ?
25932 +++ exited with 0 +++
25670 <... read resumed>"exec 2 qwe\n", 1024) = 11
25670 rt_sigprocmask(SIG_BLOCK, ~[], [], 8) = 0
25670 clone3({flags=CLONE_VM|CLONE_FS|CLONE_FILES|CLONE_SIGHAND|CLONE_THREAD|CLONE_SYSVSEM|CLONE_SETTLS|CLONE_PARENT_SETTID|CLONE_CHILD_CLEARTID, child_tid=0x705116c00990, parent_tid=0x705116c00990, exit_signal=0, stack=0x705116400000, stack_size=0x7ffb40, tls=0x705116c006c0} => {parent_tid=[25971]}, 88) = 25971
25670 rt_sigprocmask(SIG_SETMASK, [],  <unfinished ...>
25971 rseq(0x705116c00fe0, 0x20, 0, 0x53053053 <unfinished ...>
25670 <... rt_sigprocmask resumed>NULL, 8) = 0
25971 <... rseq resumed>)               = 0
25670 read(0,  <unfinished ...>
25971 set_robust_list(0x705116c009a0, 24) = 0
25971 rt_sigprocmask(SIG_SETMASK, [], NULL, 8) = 0
25971 poll([{fd=9, events=POLLIN}], 1, 0) = 0 (Timeout)
25971 getpid()                          = 25670
25971 poll([{fd=9, events=POLLIN}], 1, 0) = 0 (Timeout)
25971 getpid()                          = 25670
25971 poll([{fd=9, events=POLLIN}], 1, 0) = 0 (Timeout)
25971 getpid()                          = 25670
25971 write(6, "\1\0\0\0\0\0\0\0", 8)   = 8
25971 poll([{fd=9, events=POLLIN}], 1, 0) = 0 (Timeout)
25672 <... epoll_wait resumed>[{events=EPOLLIN, data={u32=1502938368, u64=101946846676224}}], 256, -1) = 1
25971 getpid()                          = 25670
25672 getpid( <unfinished ...>
25971 poll([{fd=9, events=POLLIN}], 1, 0 <unfinished ...>
25672 <... getpid resumed>)             = 25670
25971 <... poll resumed>)               = 0 (Timeout)
25672 poll([{fd=6, events=POLLIN}], 1, 0 <unfinished ...>
25971 poll([{fd=9, events=POLLIN}], 1, 3000 <unfinished ...>
25672 <... poll resumed>)               = 1 ([{fd=6, revents=POLLIN}])
25672 getpid()                          = 25670
25672 read(6, "\1\0\0\0\0\0\0\0", 8)    = 8
25672 epoll_ctl(7, EPOLL_CTL_MOD, 10, {events=EPOLLIN|EPOLLOUT, data={u32=134222960, u64=123493328884848}}) = 0
25672 sendto(10, "\1\0\0\t2 get qwe", 13, 0, NULL, 0) = 13
25690 <... epoll_wait resumed>[{events=EPOLLIN, data={u32=3288337360, u64=131760000076752}}], 256, -1) = 1
25672 getpid()                          = 25670
25690 recvfrom(10,  <unfinished ...>
25672 poll([{fd=6, events=POLLIN}], 1, 0 <unfinished ...>
25690 <... recvfrom resumed>"\1\0\0\t2 get qwe", 8192, 0, NULL, NULL) = 13
25672 <... poll resumed>)               = 0 (Timeout)
25672 epoll_wait(7,  <unfinished ...>
25690 getpid( <unfinished ...>
25672 <... epoll_wait resumed>[{events=EPOLLOUT, data={u32=134222960, u64=123493328884848}}], 256, -1) = 1
25690 <... getpid resumed>)             = 25688
25672 epoll_ctl(7, EPOLL_CTL_MOD, 10, {events=EPOLLIN, data={u32=134222960, u64=123493328884848}} <unfinished ...>
25690 write(8, "\1\0\0\0\0\0\0\0", 8 <unfinished ...>
25672 <... epoll_ctl resumed>)          = 0
25690 <... write resumed>)              = 8
25672 epoll_wait(7,  <unfinished ...>
25688 <... poll resumed>)               = 1 ([{fd=8, revents=POLLIN}])
25690 epoll_wait(7,  <unfinished ...>
25688 getpid()                          = 25688
25688 poll([{fd=8, events=POLLIN}], 1, 0) = 1 ([{fd=8, revents=POLLIN}])
25688 getpid()                          = 25688
25688 read(8, "\1\0\0\0\0\0\0\0", 8)    = 8
25688 getpid()                          = 25688
25688 poll([{fd=8, events=POLLIN}], 1, 0) = 0 (Timeout)
25688 poll([{fd=11, events=POLLIN}], 1, 0) = 0 (Timeout)
25688 getpid()                          = 25688
25688 poll([{fd=11, events=POLLIN}], 1, 0) = 0 (Timeout)
25688 getpid()                          = 25688
25688 poll([{fd=11, events=POLLIN}], 1, 0) = 0 (Timeout)
25688 getpid()                          = 25688
25688 write(6, "\1\0\0\0\0\0\0\0", 8)   = 8
25690 <... epoll_wait resumed>[{events=EPOLLIN, data={u32=2088199424, u64=101367611352320}}], 256, -1) = 1
25688 poll([{fd=11, events=POLLIN}], 1, 0 <unfinished ...>
25690 getpid( <unfinished ...>
25688 <... poll resumed>)               = 0 (Timeout)
25690 <... getpid resumed>)             = 25688
25688 getpid( <unfinished ...>
25690 poll([{fd=6, events=POLLIN}], 1, 0 <unfinished ...>
25688 <... getpid resumed>)             = 25688
25690 <... poll resumed>)               = 1 ([{fd=6, revents=POLLIN}])
25688 poll([{fd=11, events=POLLIN}], 1, 0 <unfinished ...>
25690 getpid( <unfinished ...>
25688 <... poll resumed>)               = 0 (Timeout)
25690 <... getpid resumed>)             = 25688
25688 poll([{fd=11, events=POLLIN}], 1, 3000 <unfinished ...>
25690 read(6, "\1\0\0\0\0\0\0\0", 8)    = 8
25690 epoll_ctl(7, EPOLL_CTL_MOD, 12, {events=EPOLLIN|EPOLLOUT, data={u32=3288406784, u64=131760000146176}}) = 0
25690 sendto(12, "\1\0\0\t2 get qwe", 13, 0, NULL, 0) = 13
25720 <... epoll_wait resumed>[{events=EPOLLIN, data={u32=2080377808, u64=139171905670096}}], 256, -1) = 1
25690 getpid()                          = 25688
25720 recvfrom(10,  <unfinished ...>
25690 poll([{fd=6, events=POLLIN}], 1, 0 <unfinished ...>
25720 <... recvfrom resumed>"\1\0\0\t2 get qwe", 8192, 0, NULL, NULL) = 13
25690 <... poll resumed>)               = 0 (Timeout)
25690 epoll_wait(7,  <unfinished ...>
25720 getpid( <unfinished ...>
25690 <... epoll_wait resumed>[{events=EPOLLOUT, data={u32=3288406784, u64=131760000146176}}], 256, -1) = 1
25720 <... getpid resumed>)             = 25718
25690 epoll_ctl(7, EPOLL_CTL_MOD, 12, {events=EPOLLIN, data={u32=3288406784, u64=131760000146176}} <unfinished ...>
25720 write(8, "\1\0\0\0\0\0\0\0", 8 <unfinished ...>
25690 <... epoll_ctl resumed>)          = 0
25720 <... write resumed>)              = 8
25690 epoll_wait(7,  <unfinished ...>
25718 <... poll resumed>)               = 1 ([{fd=8, revents=POLLIN}])
25720 epoll_wait(7,  <unfinished ...>
25718 getpid()                          = 25718
25718 poll([{fd=8, events=POLLIN}], 1, 0) = 1 ([{fd=8, revents=POLLIN}])
25718 getpid()                          = 25718
25718 read(8, "\1\0\0\0\0\0\0\0", 8)    = 8
25718 getpid()                          = 25718
25718 poll([{fd=8, events=POLLIN}], 1, 0) = 0 (Timeout)
25718 poll([{fd=8, events=POLLIN}], 1, 0) = 0 (Timeout)
25718 getpid()                          = 25718
25718 poll([{fd=8, events=POLLIN}], 1, 0) = 0 (Timeout)
25718 getpid()                          = 25718
25718 poll([{fd=8, events=POLLIN}], 1, 0) = 0 (Timeout)
25718 getpid()                          = 25718
25718 write(6, "\1\0\0\0\0\0\0\0", 8 <unfinished ...>
25720 <... epoll_wait resumed>[{events=EPOLLIN, data={u32=681485568, u64=108070648587520}}], 256, -1) = 1
25718 <... write resumed>)              = 8
25720 getpid( <unfinished ...>
25718 poll([{fd=8, events=POLLIN}], 1, 0 <unfinished ...>
25720 <... getpid resumed>)             = 25718
25718 <... poll resumed>)               = 0 (Timeout)
25720 poll([{fd=6, events=POLLIN}], 1, 0 <unfinished ...>
25718 getpid( <unfinished ...>
25720 <... poll resumed>)               = 1 ([{fd=6, revents=POLLIN}])
25718 <... getpid resumed>)             = 25718
25720 getpid( <unfinished ...>
25718 poll([{fd=8, events=POLLIN}], 1, 0 <unfinished ...>
25720 <... getpid resumed>)             = 25718
25718 <... poll resumed>)               = 0 (Timeout)
25720 read(6,  <unfinished ...>
25718 poll([{fd=8, events=POLLIN}], 1, 300000 <unfinished ...>
25720 <... read resumed>"\1\0\0\0\0\0\0\0", 8) = 8
25720 epoll_ctl(7, EPOLL_CTL_MOD, 10, {events=EPOLLIN|EPOLLOUT, data={u32=2080377808, u64=139171905670096}}) = 0
25720 sendto(10, "\1\0\0\7OK:2: 1", 11, 0, NULL, 0) = 11
25690 <... epoll_wait resumed>[{events=EPOLLIN, data={u32=3288406784, u64=131760000146176}}], 256, -1) = 1
25720 getpid( <unfinished ...>
25690 recvfrom(12,  <unfinished ...>
25720 <... getpid resumed>)             = 25718
25690 <... recvfrom resumed>"\1\0\0\7OK:2: 1", 8192, 0, NULL, NULL) = 11
25720 poll([{fd=6, events=POLLIN}], 1, 0 <unfinished ...>
25690 getpid( <unfinished ...>
25720 <... poll resumed>)               = 0 (Timeout)
25690 <... getpid resumed>)             = 25688
25720 epoll_wait(7,  <unfinished ...>
25690 write(11, "\1\0\0\0\0\0\0\0", 8 <unfinished ...>
25720 <... epoll_wait resumed>[{events=EPOLLOUT, data={u32=2080377808, u64=139171905670096}}], 256, -1) = 1
25690 <... write resumed>)              = 8
25720 epoll_ctl(7, EPOLL_CTL_MOD, 10, {events=EPOLLIN, data={u32=2080377808, u64=139171905670096}} <unfinished ...>
25688 <... poll resumed>)               = 1 ([{fd=11, revents=POLLIN}])
25720 <... epoll_ctl resumed>)          = 0
25690 epoll_wait(7,  <unfinished ...>
25720 epoll_wait(7,  <unfinished ...>
25688 getpid()                          = 25688
25688 poll([{fd=11, events=POLLIN}], 1, 0) = 1 ([{fd=11, revents=POLLIN}])
25688 getpid()                          = 25688
25688 read(11, "\1\0\0\0\0\0\0\0", 8)   = 8
25688 getpid()                          = 25688
25688 poll([{fd=11, events=POLLIN}], 1, 0) = 0 (Timeout)
25688 poll([{fd=8, events=POLLIN}], 1, 0) = 0 (Timeout)
25688 getpid()                          = 25688
25688 poll([{fd=8, events=POLLIN}], 1, 0) = 0 (Timeout)
25688 getpid()                          = 25688
25688 poll([{fd=8, events=POLLIN}], 1, 0) = 0 (Timeout)
25688 getpid()                          = 25688
25688 write(6, "\1\0\0\0\0\0\0\0", 8 <unfinished ...>
25690 <... epoll_wait resumed>[{events=EPOLLIN, data={u32=2088199424, u64=101367611352320}}], 256, -1) = 1
25688 <... write resumed>)              = 8
25690 getpid( <unfinished ...>
25688 poll([{fd=8, events=POLLIN}], 1, 0 <unfinished ...>
25690 <... getpid resumed>)             = 25688
25688 <... poll resumed>)               = 0 (Timeout)
25690 poll([{fd=6, events=POLLIN}], 1, 0 <unfinished ...>
25688 getpid( <unfinished ...>
25690 <... poll resumed>)               = 1 ([{fd=6, revents=POLLIN}])
25688 <... getpid resumed>)             = 25688
25690 getpid( <unfinished ...>
25688 poll([{fd=8, events=POLLIN}], 1, 0 <unfinished ...>
25690 <... getpid resumed>)             = 25688
25688 <... poll resumed>)               = 0 (Timeout)
25690 read(6,  <unfinished ...>
25688 poll([{fd=8, events=POLLIN}], 1, 300000 <unfinished ...>
25690 <... read resumed>"\1\0\0\0\0\0\0\0", 8) = 8
25690 epoll_ctl(7, EPOLL_CTL_MOD, 10, {events=EPOLLIN|EPOLLOUT, data={u32=3288337360, u64=131760000076752}}) = 0
25690 sendto(10, "\1\0\0\7OK:2: 1", 11, 0, NULL, 0) = 11
25672 <... epoll_wait resumed>[{events=EPOLLIN, data={u32=134222960, u64=123493328884848}}], 256, -1) = 1
25690 getpid()                          = 25688
25672 recvfrom(10,  <unfinished ...>
25690 poll([{fd=6, events=POLLIN}], 1, 0 <unfinished ...>
25672 <... recvfrom resumed>"\1\0\0\7OK:2: 1", 8192, 0, NULL, NULL) = 11
25690 <... poll resumed>)               = 0 (Timeout)
25690 epoll_wait(7,  <unfinished ...>
25672 getpid( <unfinished ...>
25690 <... epoll_wait resumed>[{events=EPOLLOUT, data={u32=3288337360, u64=131760000076752}}], 256, -1) = 1
25672 <... getpid resumed>)             = 25670
25690 epoll_ctl(7, EPOLL_CTL_MOD, 10, {events=EPOLLIN, data={u32=3288337360, u64=131760000076752}} <unfinished ...>
25672 write(9, "\1\0\0\0\0\0\0\0", 8 <unfinished ...>
25690 <... epoll_ctl resumed>)          = 0
25672 <... write resumed>)              = 8
25971 <... poll resumed>)               = 1 ([{fd=9, revents=POLLIN}])
25690 epoll_wait(7,  <unfinished ...>
25672 epoll_wait(7,  <unfinished ...>
25971 getpid()                          = 25670
25971 poll([{fd=9, events=POLLIN}], 1, 0) = 1 ([{fd=9, revents=POLLIN}])
25971 getpid()                          = 25670
25971 read(9, "\1\0\0\0\0\0\0\0", 8)    = 8
25971 getpid()                          = 25670
25971 poll([{fd=9, events=POLLIN}], 1, 0) = 0 (Timeout)
25971 write(1, "OK:2: 1\n", 8)          = 8
25971 rt_sigprocmask(SIG_BLOCK, ~[RT_1], NULL, 8) = 0
25971 madvise(0x705116400000, 8368128, MADV_DONTNEED) = 0
25971 exit(0)                           = ?
25971 +++ exited with 0 +++
25670 <... read resumed>"heartbeat 4\n", 1024) = 12
25670 futex(0x5cb858f596e8, FUTEX_WAKE_PRIVATE, 2147483647) = 1
25673 <... futex resumed>)              = 0
25670 read(0,  <unfinished ...>
25673 futex(0x5cb858f59700, FUTEX_WAKE_PRIVATE, 1) = 0
25673 poll([{fd=9, events=POLLIN}], 1, 0) = 0 (Timeout)
25673 getpid()                          = 25670
25673 poll([{fd=9, events=POLLIN}], 1, 0) = 0 (Timeout)
25673 getpid()                          = 25670
25673 poll([{fd=9, events=POLLIN}], 1, 0) = 0 (Timeout)
25673 getpid()                          = 25670
25673 write(6, "\1\0\0\0\0\0\0\0", 8)   = 8
25672 <... epoll_wait resumed>[{events=EPOLLIN, data={u32=1502938368, u64=101946846676224}}], 256, -1) = 1
25673 poll([{fd=9, events=POLLIN}], 1, 0 <unfinished ...>
25672 getpid( <unfinished ...>
25673 <... poll resumed>)               = 0 (Timeout)
25672 <... getpid resumed>)             = 25670
25673 getpid( <unfinished ...>
25672 poll([{fd=6, events=POLLIN}], 1, 0 <unfinished ...>
25673 <... getpid resumed>)             = 25670
25672 <... poll resumed>)               = 1 ([{fd=6, revents=POLLIN}])
25673 poll([{fd=9, events=POLLIN}], 1, 0 <unfinished ...>
25672 getpid( <unfinished ...>
25673 <... poll resumed>)               = 0 (Timeout)
25672 <... getpid resumed>)             = 25670
25673 poll([{fd=9, events=POLLIN}], 1, 16000 <unfinished ...>
25672 read(6, "\1\0\0\0\0\0\0\0", 8)    = 8
25672 epoll_ctl(7, EPOLL_CTL_MOD, 10, {events=EPOLLIN|EPOLLOUT, data={u32=134222960, u64=123493328884848}}) = 0
25672 sendto(10, "\1\0\0\r1 heartbeat 4", 17, 0, NULL, 0 <unfinished ...>
25690 <... epoll_wait resumed>[{events=EPOLLIN, data={u32=3288337360, u64=131760000076752}}], 256, -1) = 1
25672 <... sendto resumed>)             = 17
25690 recvfrom(10,  <unfinished ...>
25672 getpid( <unfinished ...>
25690 <... recvfrom resumed>"\1\0\0\r1 heartbeat 4", 8192, 0, NULL, NULL) = 17
25672 <... getpid resumed>)             = 25670
25690 getpid( <unfinished ...>
25672 poll([{fd=6, events=POLLIN}], 1, 0 <unfinished ...>
25690 <... getpid resumed>)             = 25688
25672 <... poll resumed>)               = 0 (Timeout)
25690 write(8, "\1\0\0\0\0\0\0\0", 8 <unfinished ...>
25672 epoll_wait(7,  <unfinished ...>
25690 <... write resumed>)              = 8
25688 <... poll resumed>)               = 1 ([{fd=8, revents=POLLIN}])
25672 <... epoll_wait resumed>[{events=EPOLLOUT, data={u32=134222960, u64=123493328884848}}], 256, -1) = 1
25690 epoll_wait(7,  <unfinished ...>
25672 epoll_ctl(7, EPOLL_CTL_MOD, 10, {events=EPOLLIN, data={u32=134222960, u64=123493328884848}} <unfinished ...>
25688 getpid( <unfinished ...>
25672 <... epoll_ctl resumed>)          = 0
25672 epoll_wait(7,  <unfinished ...>
25688 <... getpid resumed>)             = 25688
25688 poll([{fd=8, events=POLLIN}], 1, 0) = 1 ([{fd=8, revents=POLLIN}])
25688 getpid()                          = 25688
25688 read(8, "\1\0\0\0\0\0\0\0", 8)    = 8
25688 getpid()                          = 25688
25688 poll([{fd=8, events=POLLIN}], 1, 0) = 0 (Timeout)
25688 getpid()                          = 25688
25688 poll([{fd=8, events=POLLIN}], 1, 0) = 0 (Timeout)
25688 getpid()                          = 25688
25688 poll([{fd=8, events=POLLIN}], 1, 0) = 0 (Timeout)
25688 getpid()                          = 25688
25688 poll([{fd=8, events=POLLIN}], 1, 0) = 0 (Timeout)
25688 getpid()                          = 25688
25688 write(6, "\1\0\0\0\0\0\0\0", 8 <unfinished ...>
25690 <... epoll_wait resumed>[{events=EPOLLIN, data={u32=2088199424, u64=101367611352320}}], 256, -1) = 1
25688 <... write resumed>)              = 8
25690 getpid( <unfinished ...>
25688 poll([{fd=8, events=POLLIN}], 1, 0 <unfinished ...>
25690 <... getpid resumed>)             = 25688
25688 <... poll resumed>)               = 0 (Timeout)
25690 poll([{fd=6, events=POLLIN}], 1, 0 <unfinished ...>
25688 getpid( <unfinished ...>
25690 <... poll resumed>)               = 1 ([{fd=6, revents=POLLIN}])
25688 <... getpid resumed>)             = 25688
25690 getpid( <unfinished ...>
25688 poll([{fd=8, events=POLLIN}], 1, 0 <unfinished ...>
25690 <... getpid resumed>)             = 25688
25690 read(6,  <unfinished ...>
25688 <... poll resumed>)               = 0 (Timeout)
25690 <... read resumed>"\1\0\0\0\0\0\0\0", 8) = 8
25688 poll([{fd=8, events=POLLIN}], 1, 300000 <unfinished ...>
25690 epoll_ctl(7, EPOLL_CTL_MOD, 10, {events=EPOLLIN|EPOLLOUT, data={u32=3288337360, u64=131760000076752}}) = 0
25690 sendto(10, "\1\0\0\vOK 1: 25688", 15, 0, NULL, 0) = 15
25672 <... epoll_wait resumed>[{events=EPOLLIN, data={u32=134222960, u64=123493328884848}}], 256, -1) = 1
25690 getpid( <unfinished ...>
25672 recvfrom(10,  <unfinished ...>
25690 <... getpid resumed>)             = 25688
25672 <... recvfrom resumed>"\1\0\0\vOK 1: 25688", 8192, 0, NULL, NULL) = 15
25690 poll([{fd=6, events=POLLIN}], 1, 0 <unfinished ...>
25672 getpid( <unfinished ...>
25690 <... poll resumed>)               = 0 (Timeout)
25672 <... getpid resumed>)             = 25670
25690 epoll_wait(7,  <unfinished ...>
25672 write(9, "\1\0\0\0\0\0\0\0", 8 <unfinished ...>
25690 <... epoll_wait resumed>[{events=EPOLLOUT, data={u32=3288337360, u64=131760000076752}}], 256, -1) = 1
25672 <... write resumed>)              = 8
25690 epoll_ctl(7, EPOLL_CTL_MOD, 10, {events=EPOLLIN, data={u32=3288337360, u64=131760000076752}} <unfinished ...>
25673 <... poll resumed>)               = 1 ([{fd=9, revents=POLLIN}])
25690 <... epoll_ctl resumed>)          = 0
25672 epoll_wait(7,  <unfinished ...>
25690 epoll_wait(7,  <unfinished ...>
25673 getpid()                          = 25670
25673 poll([{fd=9, events=POLLIN}], 1, 0) = 1 ([{fd=9, revents=POLLIN}])
25673 getpid()                          = 25670
25673 read(9, "\1\0\0\0\0\0\0\0", 8)    = 8
25673 getpid()                          = 25670
25673 poll([{fd=9, events=POLLIN}], 1, 0) = 0 (Timeout)
25673 poll([{fd=9, events=POLLIN}], 1, 0) = 0 (Timeout)
25673 getpid()                          = 25670
25673 poll([{fd=9, events=POLLIN}], 1, 0) = 0 (Timeout)
25673 getpid()                          = 25670
25673 poll([{fd=9, events=POLLIN}], 1, 0) = 0 (Timeout)
25673 getpid()                          = 25670
25673 write(6, "\1\0\0\0\0\0\0\0", 8)   = 8
25672 <... epoll_wait resumed>[{events=EPOLLIN, data={u32=1502938368, u64=101946846676224}}], 256, -1) = 1
25673 poll([{fd=9, events=POLLIN}], 1, 0 <unfinished ...>
25672 getpid( <unfinished ...>
25673 <... poll resumed>)               = 0 (Timeout)
25672 <... getpid resumed>)             = 25670
25673 getpid( <unfinished ...>
25672 poll([{fd=6, events=POLLIN}], 1, 0 <unfinished ...>
25673 <... getpid resumed>)             = 25670
25672 <... poll resumed>)               = 1 ([{fd=6, revents=POLLIN}])
25673 poll([{fd=9, events=POLLIN}], 1, 0 <unfinished ...>
25672 getpid( <unfinished ...>
25673 <... poll resumed>)               = 0 (Timeout)
25672 <... getpid resumed>)             = 25670
25673 poll([{fd=9, events=POLLIN}], 1, 16000 <unfinished ...>
25672 read(6, "\1\0\0\0\0\0\0\0", 8)    = 8
25672 epoll_ctl(7, EPOLL_CTL_MOD, 10, {events=EPOLLIN|EPOLLOUT, data={u32=134222960, u64=123493328884848}}) = 0
25672 sendto(10, "\1\0\0\r2 heartbeat 4", 17, 0, NULL, 0 <unfinished ...>
25690 <... epoll_wait resumed>[{events=EPOLLIN, data={u32=3288337360, u64=131760000076752}}], 256, -1) = 1
25672 <... sendto resumed>)             = 17
25690 recvfrom(10,  <unfinished ...>
25672 getpid( <unfinished ...>
25690 <... recvfrom resumed>"\1\0\0\r2 heartbeat 4", 8192, 0, NULL, NULL) = 17
25672 <... getpid resumed>)             = 25670
25690 getpid( <unfinished ...>
25672 poll([{fd=6, events=POLLIN}], 1, 0 <unfinished ...>
25690 <... getpid resumed>)             = 25688
25672 <... poll resumed>)               = 0 (Timeout)
25690 write(8, "\1\0\0\0\0\0\0\0", 8 <unfinished ...>
25672 epoll_wait(7,  <unfinished ...>
25690 <... write resumed>)              = 8
25688 <... poll resumed>)               = 1 ([{fd=8, revents=POLLIN}])
25672 <... epoll_wait resumed>[{events=EPOLLOUT, data={u32=134222960, u64=123493328884848}}], 256, -1) = 1
25690 epoll_wait(7,  <unfinished ...>
25688 getpid( <unfinished ...>
25672 epoll_ctl(7, EPOLL_CTL_MOD, 10, {events=EPOLLIN, data={u32=134222960, u64=123493328884848}} <unfinished ...>
25688 <... getpid resumed>)             = 25688
25672 <... epoll_ctl resumed>)          = 0
25688 poll([{fd=8, events=POLLIN}], 1, 0 <unfinished ...>
25672 epoll_wait(7,  <unfinished ...>
25688 <... poll resumed>)               = 1 ([{fd=8, revents=POLLIN}])
25688 getpid()                          = 25688
25688 read(8, "\1\0\0\0\0\0\0\0", 8)    = 8
25688 getpid()                          = 25688
25688 poll([{fd=8, events=POLLIN}], 1, 0) = 0 (Timeout)
25688 poll([{fd=11, events=POLLIN}], 1, 0) = 0 (Timeout)
25688 getpid()                          = 25688
25688 poll([{fd=11, events=POLLIN}], 1, 0) = 0 (Timeout)
25688 getpid()                          = 25688
25688 poll([{fd=11, events=POLLIN}], 1, 0) = 0 (Timeout)
25688 getpid()                          = 25688
25688 write(6, "\1\0\0\0\0\0\0\0", 8)   = 8
25690 <... epoll_wait resumed>[{events=EPOLLIN, data={u32=2088199424, u64=101367611352320}}], 256, -1) = 1
25688 poll([{fd=11, events=POLLIN}], 1, 0 <unfinished ...>
25690 getpid( <unfinished ...>
25688 <... poll resumed>)               = 0 (Timeout)
25690 <... getpid resumed>)             = 25688
25688 getpid( <unfinished ...>
25690 poll([{fd=6, events=POLLIN}], 1, 0 <unfinished ...>
25688 <... getpid resumed>)             = 25688
25690 <... poll resumed>)               = 1 ([{fd=6, revents=POLLIN}])
25688 poll([{fd=11, events=POLLIN}], 1, 0 <unfinished ...>
25690 getpid( <unfinished ...>
25688 <... poll resumed>)               = 0 (Timeout)
25690 <... getpid resumed>)             = 25688
25688 poll([{fd=11, events=POLLIN}], 1, 16000 <unfinished ...>
25690 read(6, "\1\0\0\0\0\0\0\0", 8)    = 8
25690 epoll_ctl(7, EPOLL_CTL_MOD, 12, {events=EPOLLIN|EPOLLOUT, data={u32=3288406784, u64=131760000146176}}) = 0
25690 sendto(12, "\1\0\0\r2 heartbeat 4", 17, 0, NULL, 0) = 17
25720 <... epoll_wait resumed>[{events=EPOLLIN, data={u32=2080377808, u64=139171905670096}}], 256, -1) = 1
25690 getpid()                          = 25688
25720 recvfrom(10,  <unfinished ...>
25690 poll([{fd=6, events=POLLIN}], 1, 0 <unfinished ...>
25720 <... recvfrom resumed>"\1\0\0\r2 heartbeat 4", 8192, 0, NULL, NULL) = 17
25690 <... poll resumed>)               = 0 (Timeout)
25690 epoll_wait(7,  <unfinished ...>
25720 getpid( <unfinished ...>
25690 <... epoll_wait resumed>[{events=EPOLLOUT, data={u32=3288406784, u64=131760000146176}}], 256, -1) = 1
25690 epoll_ctl(7, EPOLL_CTL_MOD, 12, {events=EPOLLIN, data={u32=3288406784, u64=131760000146176}} <unfinished ...>
25720 <... getpid resumed>)             = 25718
25690 <... epoll_ctl resumed>)          = 0
25720 write(8, "\1\0\0\0\0\0\0\0", 8 <unfinished ...>
25690 epoll_wait(7,  <unfinished ...>
25720 <... write resumed>)              = 8
25718 <... poll resumed>)               = 1 ([{fd=8, revents=POLLIN}])
25720 epoll_wait(7,  <unfinished ...>
25718 getpid()                          = 25718
25718 poll([{fd=8, events=POLLIN}], 1, 0) = 1 ([{fd=8, revents=POLLIN}])
25718 getpid()                          = 25718
25718 read(8, "\1\0\0\0\0\0\0\0", 8)    = 8
25718 getpid()                          = 25718
25718 poll([{fd=8, events=POLLIN}], 1, 0) = 0 (Timeout)
25718 getpid()                          = 25718
25718 poll([{fd=8, events=POLLIN}], 1, 0) = 0 (Timeout)
25718 getpid()                          = 25718
25718 poll([{fd=8, events=POLLIN}], 1, 0) = 0 (Timeout)
25718 getpid()                          = 25718
25718 poll([{fd=8, events=POLLIN}], 1, 0) = 0 (Timeout)
25718 getpid()                          = 25718
25718 write(6, "\1\0\0\0\0\0\0\0", 8 <unfinished ...>
25720 <... epoll_wait resumed>[{events=EPOLLIN, data={u32=681485568, u64=108070648587520}}], 256, -1) = 1
25718 <... write resumed>)              = 8
25720 getpid( <unfinished ...>
25718 poll([{fd=8, events=POLLIN}], 1, 0 <unfinished ...>
25720 <... getpid resumed>)             = 25718
25718 <... poll resumed>)               = 0 (Timeout)
25720 poll([{fd=6, events=POLLIN}], 1, 0 <unfinished ...>
25718 getpid( <unfinished ...>
25720 <... poll resumed>)               = 1 ([{fd=6, revents=POLLIN}])
25718 <... getpid resumed>)             = 25718
25720 getpid( <unfinished ...>
25718 poll([{fd=8, events=POLLIN}], 1, 0 <unfinished ...>
25720 <... getpid resumed>)             = 25718
25718 <... poll resumed>)               = 0 (Timeout)
25720 read(6,  <unfinished ...>
25718 poll([{fd=8, events=POLLIN}], 1, 300000 <unfinished ...>
25720 <... read resumed>"\1\0\0\0\0\0\0\0", 8) = 8
25720 epoll_ctl(7, EPOLL_CTL_MOD, 10, {events=EPOLLIN|EPOLLOUT, data={u32=2080377808, u64=139171905670096}}) = 0
25720 sendto(10, "\1\0\0\vOK 2: 25718", 15, 0, NULL, 0) = 15
25690 <... epoll_wait resumed>[{events=EPOLLIN, data={u32=3288406784, u64=131760000146176}}], 256, -1) = 1
25720 getpid( <unfinished ...>
25690 recvfrom(12,  <unfinished ...>
25720 <... getpid resumed>)             = 25718
25720 poll([{fd=6, events=POLLIN}], 1, 0 <unfinished ...>
25690 <... recvfrom resumed>"\1\0\0\vOK 2: 25718", 8192, 0, NULL, NULL) = 15
25720 <... poll resumed>)               = 0 (Timeout)
25720 epoll_wait(7,  <unfinished ...>
25690 getpid( <unfinished ...>
25720 <... epoll_wait resumed>[{events=EPOLLOUT, data={u32=2080377808, u64=139171905670096}}], 256, -1) = 1
25690 <... getpid resumed>)             = 25688
25720 epoll_ctl(7, EPOLL_CTL_MOD, 10, {events=EPOLLIN, data={u32=2080377808, u64=139171905670096}} <unfinished ...>
25690 write(11, "\1\0\0\0\0\0\0\0", 8 <unfinished ...>
25720 <... epoll_ctl resumed>)          = 0
25720 epoll_wait(7,  <unfinished ...>
25690 <... write resumed>)              = 8
25688 <... poll resumed>)               = 1 ([{fd=11, revents=POLLIN}])
25690 epoll_wait(7,  <unfinished ...>
25688 getpid()                          = 25688
25688 poll([{fd=11, events=POLLIN}], 1, 0) = 1 ([{fd=11, revents=POLLIN}])
25688 getpid()                          = 25688
25688 read(11, "\1\0\0\0\0\0\0\0", 8)   = 8
25688 getpid()                          = 25688
25688 poll([{fd=11, events=POLLIN}], 1, 0) = 0 (Timeout)
25688 poll([{fd=8, events=POLLIN}], 1, 0) = 0 (Timeout)
25688 getpid()                          = 25688
25688 poll([{fd=8, events=POLLIN}], 1, 0) = 0 (Timeout)
25688 getpid()                          = 25688
25688 poll([{fd=8, events=POLLIN}], 1, 0) = 0 (Timeout)
25688 getpid()                          = 25688
25688 write(6, "\1\0\0\0\0\0\0\0", 8)   = 8
25690 <... epoll_wait resumed>[{events=EPOLLIN, data={u32=2088199424, u64=101367611352320}}], 256, -1) = 1
25688 poll([{fd=8, events=POLLIN}], 1, 0 <unfinished ...>
25690 getpid( <unfinished ...>
25688 <... poll resumed>)               = 0 (Timeout)
25690 <... getpid resumed>)             = 25688
25688 getpid( <unfinished ...>
25690 poll([{fd=6, events=POLLIN}], 1, 0 <unfinished ...>
25688 <... getpid resumed>)             = 25688
25690 <... poll resumed>)               = 1 ([{fd=6, revents=POLLIN}])
25688 poll([{fd=8, events=POLLIN}], 1, 0 <unfinished ...>
25690 getpid( <unfinished ...>
25688 <... poll resumed>)               = 0 (Timeout)
25690 <... getpid resumed>)             = 25688
25688 poll([{fd=8, events=POLLIN}], 1, 300000 <unfinished ...>
25690 read(6, "\1\0\0\0\0\0\0\0", 8)    = 8
25690 epoll_ctl(7, EPOLL_CTL_MOD, 10, {events=EPOLLIN|EPOLLOUT, data={u32=3288337360, u64=131760000076752}}) = 0
25690 sendto(10, "\1\0\0\vOK 2: 25718", 15, 0, NULL, 0) = 15
25672 <... epoll_wait resumed>[{events=EPOLLIN, data={u32=134222960, u64=123493328884848}}], 256, -1) = 1
25690 getpid( <unfinished ...>
25672 recvfrom(10,  <unfinished ...>
25690 <... getpid resumed>)             = 25688
25672 <... recvfrom resumed>"\1\0\0\vOK 2: 25718", 8192, 0, NULL, NULL) = 15
25690 poll([{fd=6, events=POLLIN}], 1, 0) = 0 (Timeout)
25672 getpid( <unfinished ...>
25690 epoll_wait(7,  <unfinished ...>
25672 <... getpid resumed>)             = 25670
25690 <... epoll_wait resumed>[{events=EPOLLOUT, data={u32=3288337360, u64=131760000076752}}], 256, -1) = 1
25672 write(9, "\1\0\0\0\0\0\0\0", 8 <unfinished ...>
25690 epoll_ctl(7, EPOLL_CTL_MOD, 10, {events=EPOLLIN, data={u32=3288337360, u64=131760000076752}} <unfinished ...>
25673 <... poll resumed>)               = 1 ([{fd=9, revents=POLLIN}])
25672 <... write resumed>)              = 8
25690 <... epoll_ctl resumed>)          = 0
25673 getpid( <unfinished ...>
25672 epoll_wait(7,  <unfinished ...>
25690 epoll_wait(7,  <unfinished ...>
25673 <... getpid resumed>)             = 25670
25673 poll([{fd=9, events=POLLIN}], 1, 0) = 1 ([{fd=9, revents=POLLIN}])
25673 getpid()                          = 25670
25673 read(9, "\1\0\0\0\0\0\0\0", 8)    = 8
25673 getpid()                          = 25670
25673 poll([{fd=9, events=POLLIN}], 1, 0) = 0 (Timeout)
25673 poll([{fd=11, events=POLLIN}], 1, 0) = 0 (Timeout)
25673 getpid()                          = 25670
25673 poll([{fd=11, events=POLLIN}], 1, 0) = 0 (Timeout)
25673 getpid()                          = 25670
25673 poll([{fd=11, events=POLLIN}], 1, 0) = 0 (Timeout)
25673 getpid()                          = 25670
25673 write(6, "\1\0\0\0\0\0\0\0", 8)   = 8
25672 <... epoll_wait resumed>[{events=EPOLLIN, data={u32=1502938368, u64=101946846676224}}], 256, -1) = 1
25673 poll([{fd=11, events=POLLIN}], 1, 0 <unfinished ...>
25672 getpid( <unfinished ...>
25673 <... poll resumed>)               = 0 (Timeout)
25673 getpid( <unfinished ...>
25672 <... getpid resumed>)             = 25670
25673 <... getpid resumed>)             = 25670
25673 poll([{fd=11, events=POLLIN}], 1, 0 <unfinished ...>
25672 poll([{fd=6, events=POLLIN}], 1, 0 <unfinished ...>
25673 <... poll resumed>)               = 0 (Timeout)
25673 poll([{fd=11, events=POLLIN}], 1, 16000 <unfinished ...>
25672 <... poll resumed>)               = 1 ([{fd=6, revents=POLLIN}])
25672 getpid()                          = 25670
25672 read(6, "\1\0\0\0\0\0\0\0", 8)    = 8
25672 epoll_ctl(7, EPOLL_CTL_MOD, 12, {events=EPOLLIN|EPOLLOUT, data={u32=134223072, u64=123493328884960}}) = 0
25672 sendto(12, "\1\0\0\r3 heartbeat 4", 17, 0, NULL, 0) = 17
25736 <... epoll_wait resumed>[{events=EPOLLIN, data={u32=2818575312, u64=135582051208144}}], 256, -1) = 1
25672 getpid( <unfinished ...>
25736 recvfrom(10,  <unfinished ...>
25672 <... getpid resumed>)             = 25670
25736 <... recvfrom resumed>"\1\0\0\r3 heartbeat 4", 8192, 0, NULL, NULL) = 17
25672 poll([{fd=6, events=POLLIN}], 1, 0 <unfinished ...>
25736 getpid( <unfinished ...>
25672 <... poll resumed>)               = 0 (Timeout)
25736 <... getpid resumed>)             = 25734
25736 write(8, "\1\0\0\0\0\0\0\0", 8 <unfinished ...>
25672 epoll_wait(7,  <unfinished ...>
25736 <... write resumed>)              = 8
